Archive member included to satisfy reference by file (symbol)

C:/devkitPro/libnds/lib\libnds9.a(initSystem.o)
                              c:/devkitpro/devkitarm/bin/../lib/gcc/arm-none-eabi/11.1.0/../../../../arm-none-eabi/lib/thumb/ds_arm9_crt0.o (initSystem)
C:/devkitPro/libnds/lib\libnds9.a(timeSupport.o)
                              C:/devkitPro/libnds/lib\libnds9.a(initSystem.o) (__libnds_gtod)
C:/devkitPro/libnds/lib\libnds9.a(securearea.o)
                              c:/devkitpro/devkitarm/bin/../lib/gcc/arm-none-eabi/11.1.0/../../../../arm-none-eabi/lib/thumb/ds_arm9_crt0.o (__secure_area__)
C:/devkitPro/libnds/lib\libnds9.a(interrupts.o)
                              C:/devkitPro/libnds/lib\libnds9.a(initSystem.o) (irqInit)
C:/devkitPro/libnds/lib\libnds9.a(libnds_exit.arm.o)
                              c:/devkitpro/devkitarm/bin/../lib/gcc/arm-none-eabi/11.1.0/../../../../arm-none-eabi/lib/thumb/ds_arm9_crt0.o (__libnds_exit)
C:/devkitPro/libnds/lib\libnds9.a(fifosystem.o)
                              C:/devkitPro/libnds/lib\libnds9.a(initSystem.o) (fifoSetValue32Handler)
C:/devkitPro/libnds/lib\libnds9.a(mpu_setup.o)
                              c:/devkitpro/devkitarm/bin/../lib/gcc/arm-none-eabi/11.1.0/../../../../arm-none-eabi/lib/thumb/ds_arm9_crt0.o (__libnds_mpu_setup)
C:/devkitPro/libnds/lib\libnds9.a(IntrWait.o)
                              C:/devkitPro/libnds/lib\libnds9.a(fifosystem.o) (swiIntrWait)
C:/devkitPro/libnds/lib\libnds9.a(cpu_clock.o)
                              C:/devkitPro/libnds/lib\libnds9.a(initSystem.o) (setCpuClock)
C:/devkitPro/libnds/lib\libnds9.a(interruptDispatcher.o)
                              C:/devkitPro/libnds/lib\libnds9.a(interrupts.o) (IntrMain)
C:/devkitPro/libnds/lib\libnds9.a(swiSoftReset.o)
                              C:/devkitPro/libnds/lib\libnds9.a(fifosystem.o) (swiSoftReset)
C:/devkitPro/libnds/lib\libnds9.a(video.o)
                              C:/devkitPro/libnds/lib\libnds9.a(initSystem.o) (vramDefault)
C:/devkitPro/libnds/lib\libnds9.a(system.o)
                              C:/devkitPro/libnds/lib\libnds9.a(initSystem.o) (systemValueHandler)
C:/devkitPro/libnds/lib\libnds9.a(biosCalls.o)
                              C:/devkitPro/libnds/lib\libnds9.a(system.o) (swiDelay)
c:/devkitpro/devkitarm/bin/../lib/gcc/arm-none-eabi/11.1.0/../../../../arm-none-eabi/lib/thumb\libg.a(lib_a-init.o)
                              c:/devkitpro/devkitarm/bin/../lib/gcc/arm-none-eabi/11.1.0/../../../../arm-none-eabi/lib/thumb/ds_arm9_crt0.o (__libc_init_array)
c:/devkitpro/devkitarm/bin/../lib/gcc/arm-none-eabi/11.1.0/../../../../arm-none-eabi/lib/thumb\libg.a(lib_a-iprintf.o)
                              main.o (iprintf)
c:/devkitpro/devkitarm/bin/../lib/gcc/arm-none-eabi/11.1.0/../../../../arm-none-eabi/lib/thumb\libg.a(lib_a-memcpy-stub.o)
                              C:/devkitPro/libnds/lib\libnds9.a(fifosystem.o) (memcpy)
c:/devkitpro/devkitarm/bin/../lib/gcc/arm-none-eabi/11.1.0/../../../../arm-none-eabi/lib/thumb\libg.a(lib_a-vfiprintf.o)
                              c:/devkitpro/devkitarm/bin/../lib/gcc/arm-none-eabi/11.1.0/../../../../arm-none-eabi/lib/thumb\libg.a(lib_a-iprintf.o) (_vfiprintf_r)
c:/devkitpro/devkitarm/bin/../lib/gcc/arm-none-eabi/11.1.0/../../../../arm-none-eabi/lib/thumb\libg.a(lib_a-wcrtomb.o)
                              c:/devkitpro/devkitarm/bin/../lib/gcc/arm-none-eabi/11.1.0/../../../../arm-none-eabi/lib/thumb\libg.a(lib_a-vfiprintf.o) (_wcrtomb_r)
c:/devkitpro/devkitarm/bin/../lib/gcc/arm-none-eabi/11.1.0/../../../../arm-none-eabi/lib/thumb\libg.a(lib_a-wcsrtombs.o)
                              c:/devkitpro/devkitarm/bin/../lib/gcc/arm-none-eabi/11.1.0/../../../../arm-none-eabi/lib/thumb\libg.a(lib_a-vfiprintf.o) (_wcsrtombs_r)
c:/devkitpro/devkitarm/bin/../lib/gcc/arm-none-eabi/11.1.0/../../../../arm-none-eabi/lib/thumb\libg.a(lib_a-wsetup.o)
                              c:/devkitpro/devkitarm/bin/../lib/gcc/arm-none-eabi/11.1.0/../../../../arm-none-eabi/lib/thumb\libg.a(lib_a-vfiprintf.o) (__swsetup_r)
c:/devkitpro/devkitarm/bin/../lib/gcc/arm-none-eabi/11.1.0/../../../../arm-none-eabi/lib/thumb\libg.a(lib_a-fflush.o)
                              c:/devkitpro/devkitarm/bin/../lib/gcc/arm-none-eabi/11.1.0/../../../../arm-none-eabi/lib/thumb\libg.a(lib_a-vfiprintf.o) (_fflush_r)
c:/devkitpro/devkitarm/bin/../lib/gcc/arm-none-eabi/11.1.0/../../../../arm-none-eabi/lib/thumb\libg.a(lib_a-findfp.o)
                              c:/devkitpro/devkitarm/bin/../lib/gcc/arm-none-eabi/11.1.0/../../../../arm-none-eabi/lib/thumb\libg.a(lib_a-vfiprintf.o) (__sinit)
c:/devkitpro/devkitarm/bin/../lib/gcc/arm-none-eabi/11.1.0/../../../../arm-none-eabi/lib/thumb\libg.a(lib_a-freer.o)
                              c:/devkitpro/devkitarm/bin/../lib/gcc/arm-none-eabi/11.1.0/../../../../arm-none-eabi/lib/thumb\libg.a(lib_a-vfiprintf.o) (_free_r)
[...]
Memory Configuration

Name             Origin             Length             Attributes
ewram            0x0000000002000000 0x0000000000380000
dtcm             0x0000000002ff0000 0x0000000000004000
vectors          0x0000000001000000 0x0000000000000100
itcm             0x0000000001000100 0x0000000000007f00
*default*        0x0000000000000000 0xffffffffffffffff

Linker script and memory map

                0x0000000002380000                __ewram_end = (ORIGIN (ewram) + LENGTH (ewram))
                0x0000000002380000                __eheap_end = (ORIGIN (ewram) + LENGTH (ewram))
                0x0000000002ff4000                __dtcm_top = (ORIGIN (dtcm) + LENGTH (dtcm))
                0x0000000002ff3ff8                __irq_flags = (__dtcm_top - 0x8)
                0x0000000002ff3ffc                __irq_vector = (__dtcm_top - 0x4)
                0x0000000002ff3f00                __sp_svc = (__dtcm_top - 0x100)
                0x0000000002ff3e00                __sp_irq = (__sp_svc - 0x100)
                0x0000000002ff3d00                __sp_usr = (__sp_irq - 0x100)

.secure         0x0000000002000000      0x800
 *(.secure)
 .secure        0x0000000002000000      0x800 C:/devkitPro/libnds/lib\libnds9.a(securearea.o)
                0x0000000002000000                __secure_area__

.crt0           0x0000000002000800      0x300
                0x0000000002000800                __text_start = .
 *(.crt0)
 .crt0          0x0000000002000800      0x300 c:/devkitpro/devkitarm/bin/../lib/gcc/arm-none-eabi/11.1.0/../../../../arm-none-eabi/lib/thumb/ds_arm9_crt0.o
                0x0000000002000800                _start
                0x0000000002000b00                . = ALIGN (0x4)

.plt
 *(.plt)

.init           0x0000000002000b00        0xc
 *(SORT_NONE(.init))
 .init          0x0000000002000b00        0x4 c:/devkitpro/devkitarm/bin/../lib/gcc/arm-none-eabi/11.1.0/thumb/crti.o
                0x0000000002000b00                _init
 .init          0x0000000002000b04        0x8 c:/devkitpro/devkitarm/bin/../lib/gcc/arm-none-eabi/11.1.0/thumb/crtn.o

.text           0x0000000002000b10     0x5468
 *(EXCLUDE_FILE(*.twl* *.vectors* *.itcm*) .text)
 .text          0x0000000002000b10       0x14 c:/devkitpro/devkitarm/bin/../lib/gcc/arm-none-eabi/11.1.0/thumb\libgcc.a(_thumb1_case_uqi.o)
                0x0000000002000b10                __gnu_thumb1_case_uqi
 .text          0x0000000002000b24       0x14 c:/devkitpro/devkitarm/bin/../lib/gcc/arm-none-eabi/11.1.0/thumb\libgcc.a(_thumb1_case_uhi.o)
                0x0000000002000b24                __gnu_thumb1_case_uhi
 .text          0x0000000002000b38      0x150 c:/devkitpro/devkitarm/bin/../lib/gcc/arm-none-eabi/11.1.0/thumb\libgcc.a(_divsi3.o)
                0x0000000002000b38                __divsi3
                0x0000000002000b38                __aeabi_idiv
                0x0000000002000c68                __aeabi_idivmod
 .text          0x0000000002000c88        0x4 c:/devkitpro/devkitarm/bin/../lib/gcc/arm-none-eabi/11.1.0/thumb\libgcc.a(_dvmd_tls.o)
                0x0000000002000c88                __aeabi_idiv0
                0x0000000002000c88                __aeabi_ldiv0
 .text          0x0000000002000c8c       0x3c c:/devkitpro/devkitarm/bin/../lib/gcc/arm-none-eabi/11.1.0/thumb\libgcc.a(_aeabi_uldivmod.o)
                0x0000000002000c8c                __aeabi_uldivmod
 .text          0x0000000002000cc8       0x28 c:/devkitpro/devkitarm/bin/../lib/gcc/arm-none-eabi/11.1.0/thumb\libgcc.a(_clzdi2.o)
                0x0000000002000cc8                __clzdi2
 .text          0x0000000002000cf0       0x48 c:/devkitpro/devkitarm/bin/../lib/gcc/arm-none-eabi/11.1.0/thumb\libgcc.a(_clzsi2.o)
                0x0000000002000cf0                __clzsi2
 *(EXCLUDE_FILE(*.twl* *.vectors* *.itcm*) .stub)
 *(EXCLUDE_FILE(*.twl* *.vectors* *.itcm*) .text.*)
 .text.__do_global_dtors_aux
                0x0000000002000d38       0x2c c:/devkitpro/devkitarm/bin/../lib/gcc/arm-none-eabi/11.1.0/thumb/crtbegin.o
 .text.frame_dummy
                0x0000000002000d64       0x24 c:/devkitpro/devkitarm/bin/../lib/gcc/arm-none-eabi/11.1.0/thumb/crtbegin.o
 .text.startup  0x0000000002000d88       0x18 main.o
                0x0000000002000d88                main
 .text.initSystem
                0x0000000002000da0      0x198 C:/devkitPro/libnds/lib\libnds9.a(initSystem.o)
                0x0000000002000da0                initSystem
 .text.__libnds_gtod
                0x0000000002000f38       0x28 C:/devkitPro/libnds/lib\libnds9.a(timeSupport.o)
                0x0000000002000f38                __libnds_gtod
 .text.irqDummy
                0x0000000002000f60        0x4 C:/devkitPro/libnds/lib\libnds9.a(interrupts.o)
                0x0000000002000f60                irqDummy
 .text.irqSet   0x0000000002000f64       0x6c C:/devkitPro/libnds/lib\libnds9.a(interrupts.o)
                0x0000000002000f64                irqSet
 .text.irqInit  0x0000000002000fd0       0x50 C:/devkitPro/libnds/lib\libnds9.a(interrupts.o)
                0x0000000002000fd0                irqInit
 .text.irqEnable
                0x0000000002001020       0x64 C:/devkitPro/libnds/lib\libnds9.a(interrupts.o)
                0x0000000002001020                irqEnable
 .text.systemErrorExit
                0x0000000002001084        0x4 C:/devkitPro/libnds/lib\libnds9.a(libnds_exit.arm.o)
                0x0000000002001084                systemErrorExit
 .text.__libnds_exit
                0x0000000002001088       0x5c C:/devkitPro/libnds/lib\libnds9.a(libnds_exit.arm.o)
                0x0000000002001088                __libnds_exit
 .text.fifo_queueBlock
                0x00000000020010e4       0x44 C:/devkitPro/libnds/lib\libnds9.a(fifosystem.o)
 .text.fifo_waitBlock
                0x0000000002001128       0x80 C:/devkitPro/libnds/lib\libnds9.a(fifosystem.o)
 .text.fifoInternalSend.part.0
                0x00000000020011a8       0xd4 C:/devkitPro/libnds/lib\libnds9.a(fifosystem.o)
 .text.fifoInternalSendInterrupt
                0x000000000200127c       0xa8 C:/devkitPro/libnds/lib\libnds9.a(fifosystem.o)
 .text.fifoSetValue32Handler
                0x0000000002001324       0xd8 C:/devkitPro/libnds/lib\libnds9.a(fifosystem.o)
                0x0000000002001324                fifoSetValue32Handler
 .text.fifoSendValue32
                0x00000000020013fc       0x4c C:/devkitPro/libnds/lib\libnds9.a(fifosystem.o)
                0x00000000020013fc                fifoSendValue32
 .text.fifoGetDatamsg
                0x0000000002001448       0xf4 C:/devkitPro/libnds/lib\libnds9.a(fifosystem.o)
                0x0000000002001448                fifoGetDatamsg
 .text.fifoInternalRecvInterrupt
                0x000000000200153c      0x380 C:/devkitPro/libnds/lib\libnds9.a(fifosystem.o)
 .text.fifoSetDatamsgHandler
                0x00000000020018bc       0x9c C:/devkitPro/libnds/lib\libnds9.a(fifosystem.o)
                0x00000000020018bc                fifoSetDatamsgHandler
 .text.fifoInit
                0x0000000002001958       0xf8 C:/devkitPro/libnds/lib\libnds9.a(fifosystem.o)
                0x0000000002001958                fifoInit
 .text.__libnds_mpu_setup
                0x0000000002001a50      0x174 C:/devkitPro/libnds/lib\libnds9.a(mpu_setup.o)
                0x0000000002001a50                __libnds_mpu_setup
 .text.memUncached
                0x0000000002001bc4       0x20 C:/devkitPro/libnds/lib\libnds9.a(mpu_setup.o)
                0x0000000002001bc4                memUncached
 .text.swiIntrWait
                0x0000000002001be4       0x70 C:/devkitPro/libnds/lib\libnds9.a(IntrWait.o)
                0x0000000002001be4                swiIntrWait
 .text.setCpuClock
                0x0000000002001c54       0x50 C:/devkitPro/libnds/lib\libnds9.a(cpu_clock.o)
                0x0000000002001c54                setCpuClock
 .text.swiSoftReset
                0x0000000002001ca4       0x2c C:/devkitPro/libnds/lib\libnds9.a(swiSoftReset.o)
                0x0000000002001ca4                swiSoftReset
 .text.vramDefault
                0x0000000002001cd0       0xd0 C:/devkitPro/libnds/lib\libnds9.a(video.o)
                0x0000000002001cd0                vramDefault
 .text.systemValueHandler
                0x0000000002001da0       0x48 C:/devkitPro/libnds/lib\libnds9.a(system.o)
                0x0000000002001da0                systemValueHandler
 .text.systemMsgHandler
                0x0000000002001de8       0x60 C:/devkitPro/libnds/lib\libnds9.a(system.o)
                0x0000000002001de8                systemMsgHandler
 .text.powerOn  0x0000000002001e48       0x2c C:/devkitPro/libnds/lib\libnds9.a(system.o)
                0x0000000002001e48                powerOn
 .text.swiDelay
                0x0000000002001e74        0x4 C:/devkitPro/libnds/lib\libnds9.a(biosCalls.o)
                0x0000000002001e74                swiDelay
 .text.__libc_init_array
                0x0000000002001e78       0x50 c:/devkitpro/devkitarm/bin/../lib/gcc/arm-none-eabi/11.1.0/../../../../arm-none-eabi/lib/thumb\libg.a(lib_a-init.o)
                0x0000000002001e78                __libc_init_array
 .text.iprintf  0x0000000002001ec8       0x24 c:/devkitpro/devkitarm/bin/../lib/gcc/arm-none-eabi/11.1.0/../../../../arm-none-eabi/lib/thumb\libg.a(lib_a-iprintf.o)
                0x0000000002001ec8                iprintf
 .text.memcpy   0x0000000002001eec       0xa8 c:/devkitpro/devkitarm/bin/../lib/gcc/arm-none-eabi/11.1.0/../../../../arm-none-eabi/lib/thumb\libg.a(lib_a-memcpy-stub.o)
                0x0000000002001eec                memcpy
 .text.get_arg  0x0000000002001f94      0x400 c:/devkitpro/devkitarm/bin/../lib/gcc/arm-none-eabi/11.1.0/../../../../arm-none-eabi/lib/thumb\libg.a(lib_a-vfiprintf.o)
 .text.__sprint_r
                0x0000000002002394       0x24 c:/devkitpro/devkitarm/bin/../lib/gcc/arm-none-eabi/11.1.0/../../../../arm-none-eabi/lib/thumb\libg.a(lib_a-vfiprintf.o)
                0x0000000002002394                __sprint_r
 .text._vfiprintf_r
                0x00000000020023b8     0x1710 c:/devkitpro/devkitarm/bin/../lib/gcc/arm-none-eabi/11.1.0/../../../../arm-none-eabi/lib/thumb\libg.a(lib_a-vfiprintf.o)
                0x00000000020023b8                _vfiprintf_r
 .text.__sbprintf
                0x0000000002003ac8       0x8c c:/devkitpro/devkitarm/bin/../lib/gcc/arm-none-eabi/11.1.0/../../../../arm-none-eabi/lib/thumb\libg.a(lib_a-vfiprintf.o)
 .text._wcrtomb_r
                0x0000000002003b54       0x5c c:/devkitpro/devkitarm/bin/../lib/gcc/arm-none-eabi/11.1.0/../../../../arm-none-eabi/lib/thumb\libg.a(lib_a-wcrtomb.o)
                0x0000000002003b54                _wcrtomb_r
 .text._wcsrtombs_r
                0x0000000002003bb0       0x1c c:/devkitpro/devkitarm/bin/../lib/gcc/arm-none-eabi/11.1.0/../../../../arm-none-eabi/lib/thumb\libg.a(lib_a-wcsrtombs.o)
                0x0000000002003bb0                _wcsrtombs_r
 .text.__swsetup_r
                0x0000000002003bcc       0xe4 c:/devkitpro/devkitarm/bin/../lib/gcc/arm-none-eabi/11.1.0/../../../../arm-none-eabi/lib/thumb\libg.a(lib_a-wsetup.o)
                0x0000000002003bcc                __swsetup_r
 .text.__sflush_r
                0x0000000002003cb0      0x1c0 c:/devkitpro/devkitarm/bin/../lib/gcc/arm-none-eabi/11.1.0/../../../../arm-none-eabi/lib/thumb\libg.a(lib_a-fflush.o)
                0x0000000002003cb0                __sflush_r
 .text._fflush_r
                0x0000000002003e70       0x70 c:/devkitpro/devkitarm/bin/../lib/gcc/arm-none-eabi/11.1.0/../../../../arm-none-eabi/lib/thumb\libg.a(lib_a-fflush.o)
                0x0000000002003e70                _fflush_r
 .text._cleanup_r
                0x0000000002003ee0       0x14 c:/devkitpro/devkitarm/bin/../lib/gcc/arm-none-eabi/11.1.0/../../../../arm-none-eabi/lib/thumb\libg.a(lib_a-findfp.o)
                0x0000000002003ee0                _cleanup_r
 .text.__sinit  0x0000000002003ef4      0x124 c:/devkitpro/devkitarm/bin/../lib/gcc/arm-none-eabi/11.1.0/../../../../arm-none-eabi/lib/thumb\libg.a(lib_a-findfp.o)
                0x0000000002003ef4                __sinit
 .text.__sfp_lock_acquire
                0x0000000002004018       0x14 c:/devkitpro/devkitarm/bin/../lib/gcc/arm-none-eabi/11.1.0/../../../../arm-none-eabi/lib/thumb\libg.a(lib_a-findfp.o)
                0x0000000002004018                __sfp_lock_acquire
 .text.__sfp_lock_release
                0x000000000200402c       0x14 c:/devkitpro/devkitarm/bin/../lib/gcc/arm-none-eabi/11.1.0/../../../../arm-none-eabi/lib/thumb\libg.a(lib_a-findfp.o)
                0x000000000200402c                __sfp_lock_release
 .text._malloc_trim_r
                0x0000000002004040       0xa0 c:/devkitpro/devkitarm/bin/../lib/gcc/arm-none-eabi/11.1.0/../../../../arm-none-eabi/lib/thumb\libg.a(lib_a-freer.o)
                0x0000000002004040                _malloc_trim_r
 .text._free_r  0x00000000020040e0      0x1d8 c:/devkitpro/devkitarm/bin/../lib/gcc/arm-none-eabi/11.1.0/../../../../arm-none-eabi/lib/thumb\libg.a(lib_a-freer.o)
                0x00000000020040e0                _free_r
 .text.__sfvwrite_r
                0x00000000020042b8      0x34c c:/devkitpro/devkitarm/bin/../lib/gcc/arm-none-eabi/11.1.0/../../../../arm-none-eabi/lib/thumb\libg.a(lib_a-fvwrite.o)
                0x00000000020042b8                __sfvwrite_r
 .text._fwalk_reent
                0x0000000002004604       0x50 c:/devkitpro/devkitarm/bin/../lib/gcc/arm-none-eabi/11.1.0/../../../../arm-none-eabi/lib/thumb\libg.a(lib_a-fwalk.o)
                0x0000000002004604                _fwalk_reent
 .text._localeconv_r
                0x0000000002004654        0x8 c:/devkitpro/devkitarm/bin/../lib/gcc/arm-none-eabi/11.1.0/../../../../arm-none-eabi/lib/thumb\libg.a(lib_a-localeconv.o)
                0x0000000002004654                _localeconv_r
 .text.__locale_mb_cur_max
                0x000000000200465c       0x10 c:/devkitpro/devkitarm/bin/../lib/gcc/arm-none-eabi/11.1.0/../../../../arm-none-eabi/lib/thumb\libg.a(lib_a-locale.o)
                0x000000000200465c                __locale_mb_cur_max
 .text.__smakebuf_r
                0x000000000200466c       0xec c:/devkitpro/devkitarm/bin/../lib/gcc/arm-none-eabi/11.1.0/../../../../arm-none-eabi/lib/thumb\libg.a(lib_a-makebuf.o)
                0x000000000200466c                __smakebuf_r
 .text._malloc_r
                0x0000000002004758      0x58c c:/devkitpro/devkitarm/bin/../lib/gcc/arm-none-eabi/11.1.0/../../../../arm-none-eabi/lib/thumb\libg.a(lib_a-mallocr.o)
                0x0000000002004758                _malloc_r
 .text.__utf8_mbtowc
                0x0000000002004ce4      0x294 c:/devkitpro/devkitarm/bin/../lib/gcc/arm-none-eabi/11.1.0/../../../../arm-none-eabi/lib/thumb\libg.a(lib_a-mbtowc_r.o)
                0x0000000002004ce4                __utf8_mbtowc
 .text.memchr   0x0000000002004f78       0x78 c:/devkitpro/devkitarm/bin/../lib/gcc/arm-none-eabi/11.1.0/../../../../arm-none-eabi/lib/thumb\libg.a(lib_a-memchr-stub.o)
                0x0000000002004f78                memchr
 .text.memmove  0x0000000002004ff0       0xbc c:/devkitpro/devkitarm/bin/../lib/gcc/arm-none-eabi/11.1.0/../../../../arm-none-eabi/lib/thumb\libg.a(lib_a-memmove.o)
                0x0000000002004ff0                memmove
 .text.memset   0x00000000020050ac       0xb0 c:/devkitpro/devkitarm/bin/../lib/gcc/arm-none-eabi/11.1.0/../../../../arm-none-eabi/lib/thumb\libg.a(lib_a-memset.o)
                0x00000000020050ac                memset
 .text.__malloc_lock
                0x000000000200515c       0x14 c:/devkitpro/devkitarm/bin/../lib/gcc/arm-none-eabi/11.1.0/../../../../arm-none-eabi/lib/thumb\libg.a(lib_a-mlock.o)
                0x000000000200515c                __malloc_lock
 .text.__malloc_unlock
                0x0000000002005170       0x14 c:/devkitpro/devkitarm/bin/../lib/gcc/arm-none-eabi/11.1.0/../../../../arm-none-eabi/lib/thumb\libg.a(lib_a-mlock.o)
                0x0000000002005170                __malloc_unlock
 .text._realloc_r
                0x0000000002005184      0x380 c:/devkitpro/devkitarm/bin/../lib/gcc/arm-none-eabi/11.1.0/../../../../arm-none-eabi/lib/thumb\libg.a(lib_a-reallocr.o)
                0x0000000002005184                _realloc_r
 .text.__sread  0x0000000002005504       0x34 c:/devkitpro/devkitarm/bin/../lib/gcc/arm-none-eabi/11.1.0/../../../../arm-none-eabi/lib/thumb\libg.a(lib_a-stdio.o)
                0x0000000002005504                __sread
 .text.__swrite
                0x0000000002005538       0x4c c:/devkitpro/devkitarm/bin/../lib/gcc/arm-none-eabi/11.1.0/../../../../arm-none-eabi/lib/thumb\libg.a(lib_a-stdio.o)
                0x0000000002005538                __swrite
 .text.__sseek  0x0000000002005584       0x40 c:/devkitpro/devkitarm/bin/../lib/gcc/arm-none-eabi/11.1.0/../../../../arm-none-eabi/lib/thumb\libg.a(lib_a-stdio.o)
                0x0000000002005584                __sseek
 .text.__sclose
                0x00000000020055c4       0x10 c:/devkitpro/devkitarm/bin/../lib/gcc/arm-none-eabi/11.1.0/../../../../arm-none-eabi/lib/thumb\libg.a(lib_a-stdio.o)
                0x00000000020055c4                __sclose
 .text.strlen   0x00000000020055d4       0x60 c:/devkitpro/devkitarm/bin/../lib/gcc/arm-none-eabi/11.1.0/../../../../arm-none-eabi/lib/thumb\libg.a(lib_a-strlen-stub.o)
                0x00000000020055d4                strlen
 .text.strncpy  0x0000000002005634       0x74 c:/devkitpro/devkitarm/bin/../lib/gcc/arm-none-eabi/11.1.0/../../../../arm-none-eabi/lib/thumb\libg.a(lib_a-strncpy.o)
                0x0000000002005634                strncpy
 .text._wcsnrtombs_l
                0x00000000020056a8      0x110 c:/devkitpro/devkitarm/bin/../lib/gcc/arm-none-eabi/11.1.0/../../../../arm-none-eabi/lib/thumb\libg.a(lib_a-wcsnrtombs.o)
                0x00000000020056a8                _wcsnrtombs_l
 .text._wcsnrtombs_r
                0x00000000020057b8       0x30 c:/devkitpro/devkitarm/bin/../lib/gcc/arm-none-eabi/11.1.0/../../../../arm-none-eabi/lib/thumb\libg.a(lib_a-wcsnrtombs.o)
                0x00000000020057b8                _wcsnrtombs_r
 .text.__utf8_wctomb
                0x00000000020057e8       0xb4 c:/devkitpro/devkitarm/bin/../lib/gcc/arm-none-eabi/11.1.0/../../../../arm-none-eabi/lib/thumb\libg.a(lib_a-wctomb_r.o)
                0x00000000020057e8                __utf8_wctomb
 .text._fclose_r
                0x000000000200589c       0xe8 c:/devkitpro/devkitarm/bin/../lib/gcc/arm-none-eabi/11.1.0/../../../../arm-none-eabi/lib/thumb\libg.a(lib_a-fclose.o)
                0x000000000200589c                _fclose_r
 .text._fstat_r
                0x0000000002005984       0x4c c:/devkitpro/devkitarm/bin/../lib/gcc/arm-none-eabi/11.1.0/../../../../arm-none-eabi/lib/thumb\libsysbase.a(fstat.o)
                0x0000000002005984                _fstat_r
 .text._isatty_r
                0x00000000020059d0        0x4 c:/devkitpro/devkitarm/bin/../lib/gcc/arm-none-eabi/11.1.0/../../../../arm-none-eabi/lib/thumb\libsysbase.a(isatty.o)
                0x00000000020059d0                _isatty_r
 .text._lseek_r
                0x00000000020059d4       0x5c c:/devkitpro/devkitarm/bin/../lib/gcc/arm-none-eabi/11.1.0/../../../../arm-none-eabi/lib/thumb\libsysbase.a(lseek.o)
                0x00000000020059d4                _lseek_r
 .text._read_r  0x0000000002005a30       0x50 c:/devkitpro/devkitarm/bin/../lib/gcc/arm-none-eabi/11.1.0/../../../../arm-none-eabi/lib/thumb\libsysbase.a(read.o)
                0x0000000002005a30                _read_r
 .text._sbrk_r  0x0000000002005a80       0x54 c:/devkitpro/devkitarm/bin/../lib/gcc/arm-none-eabi/11.1.0/../../../../arm-none-eabi/lib/thumb\libsysbase.a(sbrk.o)
                0x0000000002005a80                _sbrk_r
 .text._write_r
                0x0000000002005ad4       0x50 c:/devkitpro/devkitarm/bin/../lib/gcc/arm-none-eabi/11.1.0/../../../../arm-none-eabi/lib/thumb\libsysbase.a(write.o)
                0x0000000002005ad4                _write_r
 .text.build_argv
                0x0000000002005b24       0x4c c:/devkitpro/devkitarm/bin/../lib/gcc/arm-none-eabi/11.1.0/../../../../arm-none-eabi/lib/thumb\libsysbase.a(build_argv.o)
                0x0000000002005b24                build_argv
 .text.__flockfile
                0x0000000002005b70       0x10 c:/devkitpro/devkitarm/bin/../lib/gcc/arm-none-eabi/11.1.0/../../../../arm-none-eabi/lib/thumb\libsysbase.a(flock.o)
                0x0000000002005b70                __flockfile
 .text.__funlockfile
                0x0000000002005b80       0x10 c:/devkitpro/devkitarm/bin/../lib/gcc/arm-none-eabi/11.1.0/../../../../arm-none-eabi/lib/thumb\libsysbase.a(flock.o)
                0x0000000002005b80                __funlockfile
 .text.__libc_lock_acquire
                0x0000000002005b90       0x1c c:/devkitpro/devkitarm/bin/../lib/gcc/arm-none-eabi/11.1.0/../../../../arm-none-eabi/lib/thumb\libsysbase.a(syscall_support.o)
                0x0000000002005b90                __libc_lock_acquire
 .text.__libc_lock_release
                0x0000000002005bac       0x1c c:/devkitpro/devkitarm/bin/../lib/gcc/arm-none-eabi/11.1.0/../../../../arm-none-eabi/lib/thumb\libsysbase.a(syscall_support.o)
                0x0000000002005bac                __libc_lock_release
 .text.__libc_lock_init_recursive
                0x0000000002005bc8       0x1c c:/devkitpro/devkitarm/bin/../lib/gcc/arm-none-eabi/11.1.0/../../../../arm-none-eabi/lib/thumb\libsysbase.a(syscall_support.o)
                0x0000000002005bc8                __libc_lock_init_recursive
 .text.__libc_lock_acquire_recursive
                0x0000000002005be4       0x1c c:/devkitpro/devkitarm/bin/../lib/gcc/arm-none-eabi/11.1.0/../../../../arm-none-eabi/lib/thumb\libsysbase.a(syscall_support.o)
                0x0000000002005be4                __libc_lock_acquire_recursive
 .text.__libc_lock_release_recursive
                0x0000000002005c00       0x1c c:/devkitpro/devkitarm/bin/../lib/gcc/arm-none-eabi/11.1.0/../../../../arm-none-eabi/lib/thumb\libsysbase.a(syscall_support.o)
                0x0000000002005c00                __libc_lock_release_recursive
 .text.__libc_lock_close_recursive
                0x0000000002005c1c       0x1c c:/devkitpro/devkitarm/bin/../lib/gcc/arm-none-eabi/11.1.0/../../../../arm-none-eabi/lib/thumb\libsysbase.a(syscall_support.o)
                0x0000000002005c1c                __libc_lock_close_recursive
 .text.__get_handle
                0x0000000002005c38       0x34 c:/devkitpro/devkitarm/bin/../lib/gcc/arm-none-eabi/11.1.0/../../../../arm-none-eabi/lib/thumb\libsysbase.a(handle_manager.o)
                0x0000000002005c38                __get_handle
 .text._close_r
                0x0000000002005c6c       0xb8 c:/devkitpro/devkitarm/bin/../lib/gcc/arm-none-eabi/11.1.0/../../../../arm-none-eabi/lib/thumb\libsysbase.a(handle_manager.o)
                0x0000000002005c6c                _close_r
 .text.__getreent
                0x0000000002005d24       0x28 c:/devkitpro/devkitarm/bin/../lib/gcc/arm-none-eabi/11.1.0/../../../../arm-none-eabi/lib/thumb\libsysbase.a(getreent.o)
                0x0000000002005d24                __getreent
 .text.null_write
                0x0000000002005d4c        0x4 c:/devkitpro/devkitarm/bin/../lib/gcc/arm-none-eabi/11.1.0/../../../../arm-none-eabi/lib/thumb\libsysbase.a(iosupport.o)
 .text.__udivmoddi4
                0x0000000002005d50      0x19c c:/devkitpro/devkitarm/bin/../lib/gcc/arm-none-eabi/11.1.0/thumb\libgcc.a(_udivmoddi4.o)
                0x0000000002005d50                __udivmoddi4
 .text.free     0x0000000002005eec       0x14 c:/devkitpro/devkitarm/bin/../lib/gcc/arm-none-eabi/11.1.0/../../../../arm-none-eabi/lib/thumb\libg.a(lib_a-malloc.o)
                0x0000000002005eec                free
 .text.free.__stub
                0x0000000002005f00       0x68 linker stubs
 *(EXCLUDE_FILE(*.twl*) .gnu.warning)
 *(EXCLUDE_FILE(*.twl*) .gnu.linkonce.t*)
 *(.glue_7)
 .glue_7        0x0000000002005f78        0x0 linker stubs
 *(.glue_7t)
 .glue_7t       0x0000000002005f78        0x0 linker stubs
                0x0000000002005f78                . = ALIGN (0x4)

.vfp11_veneer   0x0000000002005f78        0x0
 .vfp11_veneer  0x0000000002005f78        0x0 linker stubs

.v4_bx          0x0000000002005f78        0x0
 .v4_bx         0x0000000002005f78        0x0 linker stubs

.iplt           0x0000000002005f78        0x0
 .iplt          0x0000000002005f78        0x0 c:/devkitpro/devkitarm/bin/../lib/gcc/arm-none-eabi/11.1.0/../../../../arm-none-eabi/lib/thumb/ds_arm9_crt0.o

.fini           0x0000000002005f78        0xc
 *(.fini)
 .fini          0x0000000002005f78        0x4 c:/devkitpro/devkitarm/bin/../lib/gcc/arm-none-eabi/11.1.0/thumb/crti.o
                0x0000000002005f78                _fini
 .fini          0x0000000002005f7c        0x8 c:/devkitpro/devkitarm/bin/../lib/gcc/arm-none-eabi/11.1.0/thumb/crtn.o
                0x0000000002005f84                __text_end = .

.rodata         0x0000000002005f84      0x3f4
 *(EXCLUDE_FILE(*.twl*) .rodata)
 *all.rodata*(*)
 *(EXCLUDE_FILE(*.twl*) .roda)
 *(EXCLUDE_FILE(*.twl*) .rodata.*)
 .rodata.str1.4
                0x0000000002005f84        0xc main.o
 .rodata._vfiprintf_r.str1.1
                0x0000000002005f90       0x29 c:/devkitpro/devkitarm/bin/../lib/gcc/arm-none-eabi/11.1.0/../../../../arm-none-eabi/lib/thumb\libg.a(lib_a-vfiprintf.o)
 *fill*         0x0000000002005fb9        0x3 ff
 .rodata.blanks.1
                0x0000000002005fbc       0x10 c:/devkitpro/devkitarm/bin/../lib/gcc/arm-none-eabi/11.1.0/../../../../arm-none-eabi/lib/thumb\libg.a(lib_a-vfiprintf.o)
 .rodata.zeroes.0
                0x0000000002005fcc       0x10 c:/devkitpro/devkitarm/bin/../lib/gcc/arm-none-eabi/11.1.0/../../../../arm-none-eabi/lib/thumb\libg.a(lib_a-vfiprintf.o)
 .rodata.str1.4
                0x0000000002005fdc       0x48 c:/devkitpro/devkitarm/bin/../lib/gcc/arm-none-eabi/11.1.0/../../../../arm-none-eabi/lib/thumb\libg.a(lib_a-locale.o)
                                         0x4c (size before relaxing)
 .rodata.__action_table
                0x0000000002006024       0x6c c:/devkitpro/devkitarm/bin/../lib/gcc/arm-none-eabi/11.1.0/../../../../arm-none-eabi/lib/thumb\libg.a(lib_a-svfiprintf.o)
                0x0000000002006024                __action_table
 .rodata.__chclass
                0x0000000002006090      0x100 c:/devkitpro/devkitarm/bin/../lib/gcc/arm-none-eabi/11.1.0/../../../../arm-none-eabi/lib/thumb\libg.a(lib_a-svfiprintf.o)
                0x0000000002006090                __chclass
 .rodata.__state_table
                0x0000000002006190       0x6c c:/devkitpro/devkitarm/bin/../lib/gcc/arm-none-eabi/11.1.0/../../../../arm-none-eabi/lib/thumb\libg.a(lib_a-svfiprintf.o)
                0x0000000002006190                __state_table
 .rodata._ctype_
                0x00000000020061fc      0x101 c:/devkitpro/devkitarm/bin/../lib/gcc/arm-none-eabi/11.1.0/../../../../arm-none-eabi/lib/thumb\libg.a(lib_a-ctype_.o)
                0x00000000020061fc                _ctype_
 *fill*         0x00000000020062fd        0x3 ff
 .rodata.AddDevice.str1.4
                0x0000000002006300        0x8 c:/devkitpro/devkitarm/bin/../lib/gcc/arm-none-eabi/11.1.0/../../../../arm-none-eabi/lib/thumb\libsysbase.a(iosupport.o)
 .rodata.dotab_stdnull
                0x0000000002006308       0x70 c:/devkitpro/devkitarm/bin/../lib/gcc/arm-none-eabi/11.1.0/../../../../arm-none-eabi/lib/thumb\libsysbase.a(iosupport.o)
                0x0000000002006308                dotab_stdnull
 *(EXCLUDE_FILE(*.twl*) .gnu.linkonce.r*)
                0x0000000002006378                . = ALIGN (0x4)

.ARM.extab
 *(.ARM.extab* .gnu.linkonce.armextab.*)
                0x0000000002006378                __exidx_start = .

ARM.exidx
 *(.ARM.exidx* .gnu.linkonce.armexidx.*)
                0x0000000002006378                __exidx_end = .
                0x0000000002006378                . = ALIGN (0x4)
                0x0000000002006378                PROVIDE (__preinit_array_start = .)

.preinit_array
 *(.preinit_array)
                0x0000000002006378                PROVIDE (__preinit_array_end = .)
                0x0000000002006378                PROVIDE (__init_array_start = .)

.init_array     0x0000000002006378        0x4
 *(SORT_BY_NAME(.init_array.*))
 *(.init_array)
 .init_array    0x0000000002006378        0x4 c:/devkitpro/devkitarm/bin/../lib/gcc/arm-none-eabi/11.1.0/thumb/crtbegin.o
                0x000000000200637c                PROVIDE (__init_array_end = .)
                [!provide]                        PROVIDE (__fini_array_start = .)

.fini_array     0x000000000200637c        0x4
 *(.fini_array)
 .fini_array    0x000000000200637c        0x4 c:/devkitpro/devkitarm/bin/../lib/gcc/arm-none-eabi/11.1.0/thumb/crtbegin.o
 *(SORT_BY_NAME(.fini_array.*))
                [!provide]                        PROVIDE (__fini_array_end = .)

.ctors          0x0000000002006380        0x0
 *crtbegin.o(.ctors)
 *(EXCLUDE_FILE(*crtend.o) .ctors)
 *(SORT_BY_NAME(.ctors.*))
 *(.ctors)
                0x0000000002006380                . = ALIGN (0x4)

.dtors          0x0000000002006380        0x0
 *crtbegin.o(.dtors)
 *(EXCLUDE_FILE(*crtend.o) .dtors)
 *(SORT_BY_NAME(.dtors.*))
 *(.dtors)
                0x0000000002006380                . = ALIGN (0x4)

.eh_frame       0x0000000002006380        0x4
 *(.eh_frame)
 .eh_frame      0x0000000002006380        0x0 c:/devkitpro/devkitarm/bin/../lib/gcc/arm-none-eabi/11.1.0/thumb/crtbegin.o
 .eh_frame      0x0000000002006380        0x4 c:/devkitpro/devkitarm/bin/../lib/gcc/arm-none-eabi/11.1.0/thumb/crtend.o
                0x0000000002006384                . = ALIGN (0x4)

.rel.dyn        0x0000000002006384        0x0
 .rel.iplt      0x0000000002006384        0x0 c:/devkitpro/devkitarm/bin/../lib/gcc/arm-none-eabi/11.1.0/../../../../arm-none-eabi/lib/thumb/ds_arm9_crt0.o

.gcc_except_table
                0x0000000002006384        0x0
 *(.gcc_except_table)
                0x0000000002006384                . = ALIGN (0x4)

.jcr
 *(.jcr)

.got
 *(.got.plt)
 *(.got)
 *(.rel.got)

.ewram          0x0000000002006384        0x0
                0x0000000002006384                __ewram_start = ABSOLUTE (.)
 *(.ewram)
 *ewram.*(.text)
                0x0000000002006384                . = ALIGN (0x4)

.data           0x0000000002006384     0x1af0
                0x0000000002006384                __data_start = ABSOLUTE (.)
 *(EXCLUDE_FILE(*.twl*) .data)
 .data          0x0000000002006384       0x28 C:/devkitPro/libnds/lib\libnds9.a(mpu_setup.o)
 *(EXCLUDE_FILE(*.twl*) .data.*)
 .data.fifo_buffer_free
                0x00000000020063ac        0x4 C:/devkitPro/libnds/lib\libnds9.a(fifosystem.o)
                0x00000000020063ac                fifo_buffer_free
 .data.fifo_freewords
                0x00000000020063b0        0x4 C:/devkitPro/libnds/lib\libnds9.a(fifosystem.o)
                0x00000000020063b0                fifo_freewords
 .data.fifo_receive_queue
                0x00000000020063b4        0x4 C:/devkitPro/libnds/lib\libnds9.a(fifosystem.o)
                0x00000000020063b4                fifo_receive_queue
 .data.fifo_send_queue
                0x00000000020063b8        0x4 C:/devkitPro/libnds/lib\libnds9.a(fifosystem.o)
                0x00000000020063b8                fifo_send_queue
 .data.__sfp_recursive_mutex
                0x00000000020063bc        0xc c:/devkitpro/devkitarm/bin/../lib/gcc/arm-none-eabi/11.1.0/../../../../arm-none-eabi/lib/thumb\libg.a(lib_a-findfp.o)
 .data.__sinit_recursive_mutex
                0x00000000020063c8        0xc c:/devkitpro/devkitarm/bin/../lib/gcc/arm-none-eabi/11.1.0/../../../../arm-none-eabi/lib/thumb\libg.a(lib_a-findfp.o)
 .data._impure_ptr
                0x00000000020063d4        0x4 c:/devkitpro/devkitarm/bin/../lib/gcc/arm-none-eabi/11.1.0/../../../../arm-none-eabi/lib/thumb\libg.a(lib_a-impure.o)
                0x00000000020063d4                _impure_ptr
 *fill*         0x00000000020063d8        0x0 ff
 .data.impure_data
                0x00000000020063d8      0x460 c:/devkitpro/devkitarm/bin/../lib/gcc/arm-none-eabi/11.1.0/../../../../arm-none-eabi/lib/thumb\libg.a(lib_a-impure.o)
 .data.__global_locale
                0x0000000002006838      0x16c c:/devkitpro/devkitarm/bin/../lib/gcc/arm-none-eabi/11.1.0/../../../../arm-none-eabi/lib/thumb\libg.a(lib_a-locale.o)
                0x0000000002006838                __global_locale
 .data.__malloc_av_
                0x00000000020069a4      0x408 c:/devkitpro/devkitarm/bin/../lib/gcc/arm-none-eabi/11.1.0/../../../../arm-none-eabi/lib/thumb\libg.a(lib_a-mallocr.o)
                0x00000000020069a4                __malloc_av_
 .data.__malloc_sbrk_base
                0x0000000002006dac        0x4 c:/devkitpro/devkitarm/bin/../lib/gcc/arm-none-eabi/11.1.0/../../../../arm-none-eabi/lib/thumb\libg.a(lib_a-mallocr.o)
                0x0000000002006dac                __malloc_sbrk_base
 .data.__malloc_trim_threshold
                0x0000000002006db0        0x4 c:/devkitpro/devkitarm/bin/../lib/gcc/arm-none-eabi/11.1.0/../../../../arm-none-eabi/lib/thumb\libg.a(lib_a-mallocr.o)
                0x0000000002006db0                __malloc_trim_threshold
 .data.__malloc_recursive_mutex
                0x0000000002006db4        0xc c:/devkitpro/devkitarm/bin/../lib/gcc/arm-none-eabi/11.1.0/../../../../arm-none-eabi/lib/thumb\libg.a(lib_a-mlock.o)
 .data.__hndl_lock
                0x0000000002006dc0        0x4 c:/devkitpro/devkitarm/bin/../lib/gcc/arm-none-eabi/11.1.0/../../../../arm-none-eabi/lib/thumb\libsysbase.a(handle_manager.o)
 .data.__stderr_handle
                0x0000000002006dc4        0xc c:/devkitpro/devkitarm/bin/../lib/gcc/arm-none-eabi/11.1.0/../../../../arm-none-eabi/lib/thumb\libsysbase.a(handle_manager.o)
 .data.__stdin_handle
                0x0000000002006dd0        0xc c:/devkitpro/devkitarm/bin/../lib/gcc/arm-none-eabi/11.1.0/../../../../arm-none-eabi/lib/thumb\libsysbase.a(handle_manager.o)
 .data.__stdout_handle
                0x0000000002006ddc        0xc c:/devkitpro/devkitarm/bin/../lib/gcc/arm-none-eabi/11.1.0/../../../../arm-none-eabi/lib/thumb\libsysbase.a(handle_manager.o)
 .data.handles  0x0000000002006de8     0x1000 c:/devkitpro/devkitarm/bin/../lib/gcc/arm-none-eabi/11.1.0/../../../../arm-none-eabi/lib/thumb\libsysbase.a(handle_manager.o)
 .data.devoptab_list
                0x0000000002007de8       0x8c c:/devkitpro/devkitarm/bin/../lib/gcc/arm-none-eabi/11.1.0/../../../../arm-none-eabi/lib/thumb\libsysbase.a(iosupport.o)
                0x0000000002007de8                devoptab_list
 *(EXCLUDE_FILE(*.twl*) .gnu.linkonce.d*)
                0x0000000002007e74                . = ALIGN (0x4)
                0x0000000002007e74                __data_end = ABSOLUTE (.)
                0x0000000002007e74                __bss_vma = .

.igot.plt       0x0000000002007e74        0x0
 .igot.plt      0x0000000002007e74        0x0 c:/devkitpro/devkitarm/bin/../lib/gcc/arm-none-eabi/11.1.0/../../../../arm-none-eabi/lib/thumb/ds_arm9_crt0.o

.dtcm           0x0000000002ff0000        0x0 load address 0x0000000002007e74
                0x0000000002007e74                __dtcm_lma = LOADADDR (.dtcm)
                0x0000000002ff0000                __dtcm_start = ABSOLUTE (.)
 *(.dtcm)
 *(.dtcm.*)
                0x0000000002ff0000                . = ALIGN (0x4)
                0x0000000002ff0000                __dtcm_end = ABSOLUTE (.)

.itcm           0x0000000001000100      0x194 load address 0x0000000002007e74
                0x0000000002007e74                __itcm_lma = LOADADDR (.itcm)
                0x0000000001000100                __itcm_start = ABSOLUTE (.)
 *(.itcm)
 .itcm          0x0000000001000100       0xc8 C:/devkitPro/libnds/lib\libnds9.a(interrupts.o)
                0x0000000001000100                irqTable
 .itcm          0x00000000010001c8       0xcc C:/devkitPro/libnds/lib\libnds9.a(interruptDispatcher.o)
                0x00000000010001c8                IntrMain
 *.itcm*(.text .stub .text.*)
                0x0000000001000294                . = ALIGN (0x4)
                0x0000000001000294                __itcm_end = ABSOLUTE (.)

.vectors        0x0000000001000000        0x0 load address 0x0000000002008008
                0x0000000002008008                __vectors_lma = LOADADDR (.vectors)
                0x0000000001000000                __vectors_start = ABSOLUTE (.)
 *(.vectors .vectors.*)
                0x0000000001000000                . = ALIGN (0x4)
                0x0000000001000000                __vectors_end = ABSOLUTE (.)

.sbss           0x0000000002ff0000        0x0
                0x0000000002ff0000                __sbss_start = ABSOLUTE (.)
                0x0000000002ff0000                __sbss_start__ = ABSOLUTE (.)
 *(.sbss)
                0x0000000002ff0000                . = ALIGN (0x4)
                0x0000000002ff0000                __sbss_end = ABSOLUTE (.)

.bss            0x0000000002007e74      0xaf4
                0x0000000002007e74                __bss_start = ABSOLUTE (.)
                0x0000000002007e74                __bss_start__ = ABSOLUTE (.)
 *(EXCLUDE_FILE(*.twl*) .dynbss)
 *(EXCLUDE_FILE(*.twl*) .gnu.linkonce.b*)
 *(EXCLUDE_FILE(*.twl*) .bss*)
 .bss.completed.1
                0x0000000002007e74        0x1 c:/devkitpro/devkitarm/bin/../lib/gcc/arm-none-eabi/11.1.0/thumb/crtbegin.o
 *fill*         0x0000000002007e75        0x3 
 .bss.object.0  0x0000000002007e78       0x18 c:/devkitpro/devkitarm/bin/../lib/gcc/arm-none-eabi/11.1.0/thumb/crtbegin.o
 .bss.__dsimode
                0x0000000002007e90        0x1 C:/devkitPro/libnds/lib\libnds9.a(initSystem.o)
                0x0000000002007e90                __dsimode
 *fill*         0x0000000002007e91        0x3 
 .bss.punixTime
                0x0000000002007e94        0x4 C:/devkitPro/libnds/lib\libnds9.a(timeSupport.o)
                0x0000000002007e94                punixTime
 .bss.fifo_address_data
                0x0000000002007e98       0x40 C:/devkitPro/libnds/lib\libnds9.a(fifosystem.o)
                0x0000000002007e98                fifo_address_data
 .bss.fifo_address_func
                0x0000000002007ed8       0x40 C:/devkitPro/libnds/lib\libnds9.a(fifosystem.o)
                0x0000000002007ed8                fifo_address_func
 .bss.fifo_address_queue
                0x0000000002007f18       0x40 C:/devkitPro/libnds/lib\libnds9.a(fifosystem.o)
                0x0000000002007f18                fifo_address_queue
 .bss.fifo_buffer
                0x0000000002007f58      0x800 C:/devkitPro/libnds/lib\libnds9.a(fifosystem.o)
                0x0000000002007f58                fifo_buffer
 .bss.fifo_data_queue
                0x0000000002008758       0x40 C:/devkitPro/libnds/lib\libnds9.a(fifosystem.o)
                0x0000000002008758                fifo_data_queue
 .bss.fifo_datamsg_data
                0x0000000002008798       0x40 C:/devkitPro/libnds/lib\libnds9.a(fifosystem.o)
                0x0000000002008798                fifo_datamsg_data
 .bss.fifo_datamsg_func
                0x00000000020087d8       0x40 C:/devkitPro/libnds/lib\libnds9.a(fifosystem.o)
                0x00000000020087d8                fifo_datamsg_func
 .bss.fifo_value32_data
                0x0000000002008818       0x40 C:/devkitPro/libnds/lib\libnds9.a(fifosystem.o)
                0x0000000002008818                fifo_value32_data
 .bss.fifo_value32_func
                0x0000000002008858       0x40 C:/devkitPro/libnds/lib\libnds9.a(fifosystem.o)
                0x0000000002008858                fifo_value32_func
 .bss.fifo_value32_queue
                0x0000000002008898       0x40 C:/devkitPro/libnds/lib\libnds9.a(fifosystem.o)
                0x0000000002008898                fifo_value32_queue
 .bss.processing
                0x00000000020088d8        0x4 C:/devkitPro/libnds/lib\libnds9.a(fifosystem.o)
                0x00000000020088d8                processing
 .bss.SDcallback
                0x00000000020088dc        0x4 C:/devkitPro/libnds/lib\libnds9.a(system.o)
 .bss.__malloc_current_mallinfo
                0x00000000020088e0       0x28 c:/devkitpro/devkitarm/bin/../lib/gcc/arm-none-eabi/11.1.0/../../../../arm-none-eabi/lib/thumb\libg.a(lib_a-mallocr.o)
                0x00000000020088e0                __malloc_current_mallinfo
 .bss.__malloc_max_sbrked_mem
                0x0000000002008908        0x4 c:/devkitpro/devkitarm/bin/../lib/gcc/arm-none-eabi/11.1.0/../../../../arm-none-eabi/lib/thumb\libg.a(lib_a-mallocr.o)
                0x0000000002008908                __malloc_max_sbrked_mem
 .bss.__malloc_max_total_mem
                0x000000000200890c        0x4 c:/devkitpro/devkitarm/bin/../lib/gcc/arm-none-eabi/11.1.0/../../../../arm-none-eabi/lib/thumb\libg.a(lib_a-mallocr.o)
                0x000000000200890c                __malloc_max_total_mem
 .bss.__malloc_top_pad
                0x0000000002008910        0x4 c:/devkitpro/devkitarm/bin/../lib/gcc/arm-none-eabi/11.1.0/../../../../arm-none-eabi/lib/thumb\libg.a(lib_a-mallocr.o)
                0x0000000002008910                __malloc_top_pad
 .bss.heap_start.0
                0x0000000002008914        0x4 c:/devkitpro/devkitarm/bin/../lib/gcc/arm-none-eabi/11.1.0/../../../../arm-none-eabi/lib/thumb\libsysbase.a(sbrk.o)
 .bss.fake_heap_end
                0x0000000002008918        0x4 c:/devkitpro/devkitarm/bin/../lib/gcc/arm-none-eabi/11.1.0/../../../../arm-none-eabi/lib/thumb\libsysbase.a(malloc_vars.o)
                0x0000000002008918                fake_heap_end
 .bss.fake_heap_start
                0x000000000200891c        0x4 c:/devkitpro/devkitarm/bin/../lib/gcc/arm-none-eabi/11.1.0/../../../../arm-none-eabi/lib/thumb\libsysbase.a(malloc_vars.o)
                0x000000000200891c                fake_heap_start
 .bss.__syscalls
                0x0000000002008920       0x48 c:/devkitpro/devkitarm/bin/../lib/gcc/arm-none-eabi/11.1.0/../../../../arm-none-eabi/lib/thumb\libsysbase.a(syscall_support.o)
                0x0000000002008920                __syscalls
 *(EXCLUDE_FILE(*.twl*) COMMON)
                0x0000000002008968                . = ALIGN (0x4)
                0x0000000002008968                __bss_end__ = ABSOLUTE (.)
                0x0000000002008968                __end__ = ABSOLUTE (.)

.twl            0x0000000002008968        0x0 load address 0x0000000002400000
                0x0000000002400000                __arm9i_lma__ = LOADADDR (.twl)
                0x0000000002008968                __arm9i_start__ = ABSOLUTE (.)
 *(.twl)
 *.twl*(.text .stub .text.* .gnu.linkonce.t.*)
 *.twl*(.rodata)
 *.twl*(.roda)
 *.twl*(.rodata.*)
 *.twl*(.data)
 *.twl*(.data.*)
 *.twl*(.gnu.linkonce.d*)
                0x0000000002008968                __arm9i_end__ = ABSOLUTE (.)

.twl_bss        0x0000000002008968        0x0
                0x0000000002008968                __twl_bss_start__ = ABSOLUTE (.)
 *(.twl_bss)
 *.twl*(.dynbss)
 *.twl*(.gnu.linkonce.b*)
 *.twl*(.bss*)
 *.twl*(COMMON)
                0x0000000002008968                . = ALIGN (0x4)
                0x0000000002008968                __twl_bss_end__ = ABSOLUTE (.)
                0x0000000002008968                __twl_end__ = ABSOLUTE (.)

.stab
 *(.stab)

.stabstr
 *(.stabstr)

.stab.excl
 *(.stab.excl)

.stab.exclstr
 *(.stab.exclstr)

.stab.index
 *(.stab.index)

.stab.indexstr
 *(.stab.indexstr)

.comment        0x0000000000000000       0x46
 *(.comment)
 .comment       0x0000000000000000       0x23 c:/devkitpro/devkitarm/bin/../lib/gcc/arm-none-eabi/11.1.0/thumb/crtbegin.o
                                         0x24 (size before relaxing)
 .comment       0x0000000000000023       0x24 main.o
 .comment       0x0000000000000023       0x23 C:/devkitPro/libnds/lib\libnds9.a(initSystem.o)
                                         0x24 (size before relaxing)
 .comment       0x0000000000000046       0x24 C:/devkitPro/libnds/lib\libnds9.a(timeSupport.o)
 .comment       0x0000000000000046       0x24 C:/devkitPro/libnds/lib\libnds9.a(securearea.o)
 .comment       0x0000000000000046       0x24 C:/devkitPro/libnds/lib\libnds9.a(interrupts.o)
 .comment       0x0000000000000046       0x24 C:/devkitPro/libnds/lib\libnds9.a(libnds_exit.arm.o)
 .comment       0x0000000000000046       0x24 C:/devkitPro/libnds/lib\libnds9.a(fifosystem.o)
 .comment       0x0000000000000046       0x24 C:/devkitPro/libnds/lib\libnds9.a(video.o)
 .comment       0x0000000000000046       0x24 C:/devkitPro/libnds/lib\libnds9.a(system.o)
 .comment       0x0000000000000046       0x24 c:/devkitpro/devkitarm/bin/../lib/gcc/arm-none-eabi/11.1.0/../../../../arm-none-eabi/lib/thumb\libg.a(lib_a-init.o)
 .comment       0x0000000000000046       0x24 c:/devkitpro/devkitarm/bin/../lib/gcc/arm-none-eabi/11.1.0/../../../../arm-none-eabi/lib/thumb\libg.a(lib_a-iprintf.o)
 .comment       0x0000000000000046       0x24 c:/devkitpro/devkitarm/bin/../lib/gcc/arm-none-eabi/11.1.0/../../../../arm-none-eabi/lib/thumb\libg.a(lib_a-memcpy-stub.o)
 .comment       0x0000000000000046       0x24 c:/devkitpro/devkitarm/bin/../lib/gcc/arm-none-eabi/11.1.0/../../../../arm-none-eabi/lib/thumb\libg.a(lib_a-vfiprintf.o)
 .comment       0x0000000000000046       0x24 c:/devkitpro/devkitarm/bin/../lib/gcc/arm-none-eabi/11.1.0/../../../../arm-none-eabi/lib/thumb\libg.a(lib_a-wcrtomb.o)
 .comment       0x0000000000000046       0x24 c:/devkitpro/devkitarm/bin/../lib/gcc/arm-none-eabi/11.1.0/../../../../arm-none-eabi/lib/thumb\libg.a(lib_a-wcsrtombs.o)
 .comment       0x0000000000000046       0x24 c:/devkitpro/devkitarm/bin/../lib/gcc/arm-none-eabi/11.1.0/../../../../arm-none-eabi/lib/thumb\libg.a(lib_a-wsetup.o)
 .comment       0x0000000000000046       0x24 c:/devkitpro/devkitarm/bin/../lib/gcc/arm-none-eabi/11.1.0/../../../../arm-none-eabi/lib/thumb\libg.a(lib_a-fflush.o)
 .comment       0x0000000000000046       0x24 c:/devkitpro/devkitarm/bin/../lib/gcc/arm-none-eabi/11.1.0/../../../../arm-none-eabi/lib/thumb\libg.a(lib_a-findfp.o)
 .comment       0x0000000000000046       0x24 c:/devkitpro/devkitarm/bin/../lib/gcc/arm-none-eabi/11.1.0/../../../../arm-none-eabi/lib/thumb\libg.a(lib_a-freer.o)
 .comment       0x0000000000000046       0x24 c:/devkitpro/devkitarm/bin/../lib/gcc/arm-none-eabi/11.1.0/../../../../arm-none-eabi/lib/thumb\libg.a(lib_a-fvwrite.o)
 .comment       0x0000000000000046       0x24 c:/devkitpro/devkitarm/bin/../lib/gcc/arm-none-eabi/11.1.0/../../../../arm-none-eabi/lib/thumb\libg.a(lib_a-fwalk.o)
 .comment       0x0000000000000046       0x24 c:/devkitpro/devkitarm/bin/../lib/gcc/arm-none-eabi/11.1.0/../../../../arm-none-eabi/lib/thumb\libg.a(lib_a-impure.o)
 .comment       0x0000000000000046       0x24 c:/devkitpro/devkitarm/bin/../lib/gcc/arm-none-eabi/11.1.0/../../../../arm-none-eabi/lib/thumb\libg.a(lib_a-localeconv.o)
 .comment       0x0000000000000046       0x24 c:/devkitpro/devkitarm/bin/../lib/gcc/arm-none-eabi/11.1.0/../../../../arm-none-eabi/lib/thumb\libg.a(lib_a-locale.o)
 .comment       0x0000000000000046       0x24 c:/devkitpro/devkitarm/bin/../lib/gcc/arm-none-eabi/11.1.0/../../../../arm-none-eabi/lib/thumb\libg.a(lib_a-makebuf.o)
 .comment       0x0000000000000046       0x24 c:/devkitpro/devkitarm/bin/../lib/gcc/arm-none-eabi/11.1.0/../../../../arm-none-eabi/lib/thumb\libg.a(lib_a-mallocr.o)
 .comment       0x0000000000000046       0x24 c:/devkitpro/devkitarm/bin/../lib/gcc/arm-none-eabi/11.1.0/../../../../arm-none-eabi/lib/thumb\libg.a(lib_a-mbtowc_r.o)
 .comment       0x0000000000000046       0x24 c:/devkitpro/devkitarm/bin/../lib/gcc/arm-none-eabi/11.1.0/../../../../arm-none-eabi/lib/thumb\libg.a(lib_a-memchr-stub.o)
 .comment       0x0000000000000046       0x24 c:/devkitpro/devkitarm/bin/../lib/gcc/arm-none-eabi/11.1.0/../../../../arm-none-eabi/lib/thumb\libg.a(lib_a-memmove.o)
 .comment       0x0000000000000046       0x24 c:/devkitpro/devkitarm/bin/../lib/gcc/arm-none-eabi/11.1.0/../../../../arm-none-eabi/lib/thumb\libg.a(lib_a-memset.o)
 .comment       0x0000000000000046       0x24 c:/devkitpro/devkitarm/bin/../lib/gcc/arm-none-eabi/11.1.0/../../../../arm-none-eabi/lib/thumb\libg.a(lib_a-mlock.o)
 .comment       0x0000000000000046       0x24 c:/devkitpro/devkitarm/bin/../lib/gcc/arm-none-eabi/11.1.0/../../../../arm-none-eabi/lib/thumb\libg.a(lib_a-reallocr.o)
 .comment       0x0000000000000046       0x24 c:/devkitpro/devkitarm/bin/../lib/gcc/arm-none-eabi/11.1.0/../../../../arm-none-eabi/lib/thumb\libg.a(lib_a-stdio.o)
 .comment       0x0000000000000046       0x24 c:/devkitpro/devkitarm/bin/../lib/gcc/arm-none-eabi/11.1.0/../../../../arm-none-eabi/lib/thumb\libg.a(lib_a-strlen-stub.o)
 .comment       0x0000000000000046       0x24 c:/devkitpro/devkitarm/bin/../lib/gcc/arm-none-eabi/11.1.0/../../../../arm-none-eabi/lib/thumb\libg.a(lib_a-strncpy.o)
 .comment       0x0000000000000046       0x24 c:/devkitpro/devkitarm/bin/../lib/gcc/arm-none-eabi/11.1.0/../../../../arm-none-eabi/lib/thumb\libg.a(lib_a-svfiprintf.o)
 .comment       0x0000000000000046       0x24 c:/devkitpro/devkitarm/bin/../lib/gcc/arm-none-eabi/11.1.0/../../../../arm-none-eabi/lib/thumb\libg.a(lib_a-wcsnrtombs.o)
 .comment       0x0000000000000046       0x24 c:/devkitpro/devkitarm/bin/../lib/gcc/arm-none-eabi/11.1.0/../../../../arm-none-eabi/lib/thumb\libg.a(lib_a-wctomb_r.o)
 .comment       0x0000000000000046       0x24 c:/devkitpro/devkitarm/bin/../lib/gcc/arm-none-eabi/11.1.0/../../../../arm-none-eabi/lib/thumb\libg.a(lib_a-ctype_.o)
 .comment       0x0000000000000046       0x24 c:/devkitpro/devkitarm/bin/../lib/gcc/arm-none-eabi/11.1.0/../../../../arm-none-eabi/lib/thumb\libg.a(lib_a-fclose.o)
 .comment       0x0000000000000046       0x24 c:/devkitpro/devkitarm/bin/../lib/gcc/arm-none-eabi/11.1.0/../../../../arm-none-eabi/lib/thumb\libsysbase.a(fstat.o)
 .comment       0x0000000000000046       0x24 c:/devkitpro/devkitarm/bin/../lib/gcc/arm-none-eabi/11.1.0/../../../../arm-none-eabi/lib/thumb\libsysbase.a(isatty.o)
 .comment       0x0000000000000046       0x24 c:/devkitpro/devkitarm/bin/../lib/gcc/arm-none-eabi/11.1.0/../../../../arm-none-eabi/lib/thumb\libsysbase.a(lseek.o)
 .comment       0x0000000000000046       0x24 c:/devkitpro/devkitarm/bin/../lib/gcc/arm-none-eabi/11.1.0/../../../../arm-none-eabi/lib/thumb\libsysbase.a(read.o)
 .comment       0x0000000000000046       0x24 c:/devkitpro/devkitarm/bin/../lib/gcc/arm-none-eabi/11.1.0/../../../../arm-none-eabi/lib/thumb\libsysbase.a(sbrk.o)
 .comment       0x0000000000000046       0x24 c:/devkitpro/devkitarm/bin/../lib/gcc/arm-none-eabi/11.1.0/../../../../arm-none-eabi/lib/thumb\libsysbase.a(write.o)
 .comment       0x0000000000000046       0x24 c:/devkitpro/devkitarm/bin/../lib/gcc/arm-none-eabi/11.1.0/../../../../arm-none-eabi/lib/thumb\libsysbase.a(malloc_vars.o)
 .comment       0x0000000000000046       0x24 c:/devkitpro/devkitarm/bin/../lib/gcc/arm-none-eabi/11.1.0/../../../../arm-none-eabi/lib/thumb\libsysbase.a(build_argv.o)
 .comment       0x0000000000000046       0x24 c:/devkitpro/devkitarm/bin/../lib/gcc/arm-none-eabi/11.1.0/../../../../arm-none-eabi/lib/thumb\libsysbase.a(flock.o)
 .comment       0x0000000000000046       0x24 c:/devkitpro/devkitarm/bin/../lib/gcc/arm-none-eabi/11.1.0/../../../../arm-none-eabi/lib/thumb\libsysbase.a(syscall_support.o)
 .comment       0x0000000000000046       0x24 c:/devkitpro/devkitarm/bin/../lib/gcc/arm-none-eabi/11.1.0/../../../../arm-none-eabi/lib/thumb\libsysbase.a(handle_manager.o)
 .comment       0x0000000000000046       0x24 c:/devkitpro/devkitarm/bin/../lib/gcc/arm-none-eabi/11.1.0/../../../../arm-none-eabi/lib/thumb\libsysbase.a(getreent.o)
 .comment       0x0000000000000046       0x24 c:/devkitpro/devkitarm/bin/../lib/gcc/arm-none-eabi/11.1.0/../../../../arm-none-eabi/lib/thumb\libsysbase.a(iosupport.o)
 .comment       0x0000000000000046       0x24 c:/devkitpro/devkitarm/bin/../lib/gcc/arm-none-eabi/11.1.0/thumb\libgcc.a(_udivmoddi4.o)
 .comment       0x0000000000000046       0x24 c:/devkitpro/devkitarm/bin/../lib/gcc/arm-none-eabi/11.1.0/../../../../arm-none-eabi/lib/thumb\libg.a(lib_a-malloc.o)
 .comment       0x0000000000000046       0x24 c:/devkitpro/devkitarm/bin/../lib/gcc/arm-none-eabi/11.1.0/thumb/crtend.o

.ARM.attributes
                0x0000000000000000       0x2d
 .ARM.attributes
                0x0000000000000000       0x21 c:/devkitpro/devkitarm/bin/../lib/gcc/arm-none-eabi/11.1.0/../../../../arm-none-eabi/lib/thumb/ds_arm9_crt0.o
 .ARM.attributes
                0x0000000000000021       0x1c c:/devkitpro/devkitarm/bin/../lib/gcc/arm-none-eabi/11.1.0/thumb/crti.o
 .ARM.attributes
                0x000000000000003d       0x2a c:/devkitpro/devkitarm/bin/../lib/gcc/arm-none-eabi/11.1.0/thumb/crtbegin.o
 .ARM.attributes
                0x0000000000000067       0x27 main.o
 .ARM.attributes
                0x000000000000008e       0x2b C:/devkitPro/libnds/lib\libnds9.a(initSystem.o)
 .ARM.attributes
                0x00000000000000b9       0x2b C:/devkitPro/libnds/lib\libnds9.a(timeSupport.o)
 .ARM.attributes
                0x00000000000000e4       0x2b C:/devkitPro/libnds/lib\libnds9.a(securearea.o)
 .ARM.attributes
                0x000000000000010f       0x2b C:/devkitPro/libnds/lib\libnds9.a(interrupts.o)
 .ARM.attributes
                0x000000000000013a       0x2b C:/devkitPro/libnds/lib\libnds9.a(libnds_exit.arm.o)
 .ARM.attributes
                0x0000000000000165       0x2b C:/devkitPro/libnds/lib\libnds9.a(fifosystem.o)
 .ARM.attributes
                0x0000000000000190       0x21 C:/devkitPro/libnds/lib\libnds9.a(mpu_setup.o)
 .ARM.attributes
                0x00000000000001b1       0x21 C:/devkitPro/libnds/lib\libnds9.a(IntrWait.o)
 .ARM.attributes
                0x00000000000001d2       0x21 C:/devkitPro/libnds/lib\libnds9.a(cpu_clock.o)
 .ARM.attributes
                0x00000000000001f3       0x1b C:/devkitPro/libnds/lib\libnds9.a(interruptDispatcher.o)
 .ARM.attributes
                0x000000000000020e       0x21 C:/devkitPro/libnds/lib\libnds9.a(swiSoftReset.o)
 .ARM.attributes
                0x000000000000022f       0x2b C:/devkitPro/libnds/lib\libnds9.a(video.o)
 .ARM.attributes
                0x000000000000025a       0x2b C:/devkitPro/libnds/lib\libnds9.a(system.o)
 .ARM.attributes
                0x0000000000000285       0x1b C:/devkitPro/libnds/lib\libnds9.a(biosCalls.o)
 .ARM.attributes
                0x00000000000002a0       0x2a c:/devkitpro/devkitarm/bin/../lib/gcc/arm-none-eabi/11.1.0/../../../../arm-none-eabi/lib/thumb\libg.a(lib_a-init.o)
 .ARM.attributes
                0x00000000000002ca       0x2a c:/devkitpro/devkitarm/bin/../lib/gcc/arm-none-eabi/11.1.0/../../../../arm-none-eabi/lib/thumb\libg.a(lib_a-iprintf.o)
 .ARM.attributes
                0x00000000000002f4       0x2a c:/devkitpro/devkitarm/bin/../lib/gcc/arm-none-eabi/11.1.0/../../../../arm-none-eabi/lib/thumb\libg.a(lib_a-memcpy-stub.o)
 .ARM.attributes
                0x000000000000031e       0x2a c:/devkitpro/devkitarm/bin/../lib/gcc/arm-none-eabi/11.1.0/../../../../arm-none-eabi/lib/thumb\libg.a(lib_a-vfiprintf.o)
 .ARM.attributes
                0x0000000000000348       0x2a c:/devkitpro/devkitarm/bin/../lib/gcc/arm-none-eabi/11.1.0/../../../../arm-none-eabi/lib/thumb\libg.a(lib_a-wcrtomb.o)
 .ARM.attributes
                0x0000000000000372       0x2a c:/devkitpro/devkitarm/bin/../lib/gcc/arm-none-eabi/11.1.0/../../../../arm-none-eabi/lib/thumb\libg.a(lib_a-wcsrtombs.o)
 .ARM.attributes
                0x000000000000039c       0x2a c:/devkitpro/devkitarm/bin/../lib/gcc/arm-none-eabi/11.1.0/../../../../arm-none-eabi/lib/thumb\libg.a(lib_a-wsetup.o)
 .ARM.attributes
                0x00000000000003c6       0x2a c:/devkitpro/devkitarm/bin/../lib/gcc/arm-none-eabi/11.1.0/../../../../arm-none-eabi/lib/thumb\libg.a(lib_a-fflush.o)
 .ARM.attributes
                0x00000000000003f0       0x2a c:/devkitpro/devkitarm/bin/../lib/gcc/arm-none-eabi/11.1.0/../../../../arm-none-eabi/lib/thumb\libg.a(lib_a-findfp.o)
 .ARM.attributes
                0x000000000000041a       0x2a c:/devkitpro/devkitarm/bin/../lib/gcc/arm-none-eabi/11.1.0/../../../../arm-none-eabi/lib/thumb\libg.a(lib_a-freer.o)
 .ARM.attributes
                0x0000000000000444       0x2a c:/devkitpro/devkitarm/bin/../lib/gcc/arm-none-eabi/11.1.0/../../../../arm-none-eabi/lib/thumb\libg.a(lib_a-fvwrite.o)
 .ARM.attributes
                0x000000000000046e       0x2a c:/devkitpro/devkitarm/bin/../lib/gcc/arm-none-eabi/11.1.0/../../../../arm-none-eabi/lib/thumb\libg.a(lib_a-fwalk.o)
 .ARM.attributes
                0x0000000000000498       0x30 c:/devkitpro/devkitarm/bin/../lib/gcc/arm-none-eabi/11.1.0/../../../../arm-none-eabi/lib/thumb\libg.a(lib_a-impure.o)
 .ARM.attributes
                0x00000000000004c8       0x2a c:/devkitpro/devkitarm/bin/../lib/gcc/arm-none-eabi/11.1.0/../../../../arm-none-eabi/lib/thumb\libg.a(lib_a-localeconv.o)
 .ARM.attributes
                0x00000000000004f2       0x2a c:/devkitpro/devkitarm/bin/../lib/gcc/arm-none-eabi/11.1.0/../../../../arm-none-eabi/lib/thumb\libg.a(lib_a-locale.o)
 .ARM.attributes
                0x000000000000051c       0x2a c:/devkitpro/devkitarm/bin/../lib/gcc/arm-none-eabi/11.1.0/../../../../arm-none-eabi/lib/thumb\libg.a(lib_a-makebuf.o)
 .ARM.attributes
                0x0000000000000546       0x2a c:/devkitpro/devkitarm/bin/../lib/gcc/arm-none-eabi/11.1.0/../../../../arm-none-eabi/lib/thumb\libg.a(lib_a-mallocr.o)
 .ARM.attributes
                0x0000000000000570       0x2a c:/devkitpro/devkitarm/bin/../lib/gcc/arm-none-eabi/11.1.0/../../../../arm-none-eabi/lib/thumb\libg.a(lib_a-mbtowc_r.o)
 .ARM.attributes
                0x000000000000059a       0x2a c:/devkitpro/devkitarm/bin/../lib/gcc/arm-none-eabi/11.1.0/../../../../arm-none-eabi/lib/thumb\libg.a(lib_a-memchr-stub.o)
 .ARM.attributes
                0x00000000000005c4       0x2a c:/devkitpro/devkitarm/bin/../lib/gcc/arm-none-eabi/11.1.0/../../../../arm-none-eabi/lib/thumb\libg.a(lib_a-memmove.o)
 .ARM.attributes
                0x00000000000005ee       0x2a c:/devkitpro/devkitarm/bin/../lib/gcc/arm-none-eabi/11.1.0/../../../../arm-none-eabi/lib/thumb\libg.a(lib_a-memset.o)
 .ARM.attributes
                0x0000000000000618       0x2a c:/devkitpro/devkitarm/bin/../lib/gcc/arm-none-eabi/11.1.0/../../../../arm-none-eabi/lib/thumb\libg.a(lib_a-mlock.o)
 .ARM.attributes
                0x0000000000000642       0x2a c:/devkitpro/devkitarm/bin/../lib/gcc/arm-none-eabi/11.1.0/../../../../arm-none-eabi/lib/thumb\libg.a(lib_a-reallocr.o)
 .ARM.attributes
                0x000000000000066c       0x2a c:/devkitpro/devkitarm/bin/../lib/gcc/arm-none-eabi/11.1.0/../../../../arm-none-eabi/lib/thumb\libg.a(lib_a-stdio.o)
 .ARM.attributes
                0x0000000000000696       0x2a c:/devkitpro/devkitarm/bin/../lib/gcc/arm-none-eabi/11.1.0/../../../../arm-none-eabi/lib/thumb\libg.a(lib_a-strlen-stub.o)
 .ARM.attributes
                0x00000000000006c0       0x2a c:/devkitpro/devkitarm/bin/../lib/gcc/arm-none-eabi/11.1.0/../../../../arm-none-eabi/lib/thumb\libg.a(lib_a-strncpy.o)
 .ARM.attributes
                0x00000000000006ea       0x2a c:/devkitpro/devkitarm/bin/../lib/gcc/arm-none-eabi/11.1.0/../../../../arm-none-eabi/lib/thumb\libg.a(lib_a-svfiprintf.o)
 .ARM.attributes
                0x0000000000000714       0x2a c:/devkitpro/devkitarm/bin/../lib/gcc/arm-none-eabi/11.1.0/../../../../arm-none-eabi/lib/thumb\libg.a(lib_a-wcsnrtombs.o)
 .ARM.attributes
                0x000000000000073e       0x2a c:/devkitpro/devkitarm/bin/../lib/gcc/arm-none-eabi/11.1.0/../../../../arm-none-eabi/lib/thumb\libg.a(lib_a-wctomb_r.o)
 .ARM.attributes
                0x0000000000000768       0x2a c:/devkitpro/devkitarm/bin/../lib/gcc/arm-none-eabi/11.1.0/../../../../arm-none-eabi/lib/thumb\libg.a(lib_a-ctype_.o)
 .ARM.attributes
                0x0000000000000792       0x2a c:/devkitpro/devkitarm/bin/../lib/gcc/arm-none-eabi/11.1.0/../../../../arm-none-eabi/lib/thumb\libg.a(lib_a-fclose.o)
 .ARM.attributes
                0x00000000000007bc       0x2a c:/devkitpro/devkitarm/bin/../lib/gcc/arm-none-eabi/11.1.0/../../../../arm-none-eabi/lib/thumb\libsysbase.a(fstat.o)
 .ARM.attributes
                0x00000000000007e6       0x2a c:/devkitpro/devkitarm/bin/../lib/gcc/arm-none-eabi/11.1.0/../../../../arm-none-eabi/lib/thumb\libsysbase.a(isatty.o)
 .ARM.attributes
                0x0000000000000810       0x2a c:/devkitpro/devkitarm/bin/../lib/gcc/arm-none-eabi/11.1.0/../../../../arm-none-eabi/lib/thumb\libsysbase.a(lseek.o)
 .ARM.attributes
                0x000000000000083a       0x2a c:/devkitpro/devkitarm/bin/../lib/gcc/arm-none-eabi/11.1.0/../../../../arm-none-eabi/lib/thumb\libsysbase.a(read.o)
 .ARM.attributes
                0x0000000000000864       0x2a c:/devkitpro/devkitarm/bin/../lib/gcc/arm-none-eabi/11.1.0/../../../../arm-none-eabi/lib/thumb\libsysbase.a(sbrk.o)
 .ARM.attributes
                0x000000000000088e       0x2a c:/devkitpro/devkitarm/bin/../lib/gcc/arm-none-eabi/11.1.0/../../../../arm-none-eabi/lib/thumb\libsysbase.a(write.o)
 .ARM.attributes
                0x00000000000008b8       0x30 c:/devkitpro/devkitarm/bin/../lib/gcc/arm-none-eabi/11.1.0/../../../../arm-none-eabi/lib/thumb\libsysbase.a(malloc_vars.o)
 .ARM.attributes
                0x00000000000008e8       0x2a c:/devkitpro/devkitarm/bin/../lib/gcc/arm-none-eabi/11.1.0/../../../../arm-none-eabi/lib/thumb\libsysbase.a(build_argv.o)
 .ARM.attributes
                0x0000000000000912       0x2a c:/devkitpro/devkitarm/bin/../lib/gcc/arm-none-eabi/11.1.0/../../../../arm-none-eabi/lib/thumb\libsysbase.a(flock.o)
 .ARM.attributes
                0x000000000000093c       0x2a c:/devkitpro/devkitarm/bin/../lib/gcc/arm-none-eabi/11.1.0/../../../../arm-none-eabi/lib/thumb\libsysbase.a(syscall_support.o)
 .ARM.attributes
                0x0000000000000966       0x2a c:/devkitpro/devkitarm/bin/../lib/gcc/arm-none-eabi/11.1.0/../../../../arm-none-eabi/lib/thumb\libsysbase.a(handle_manager.o)
 .ARM.attributes
                0x0000000000000990       0x2a c:/devkitpro/devkitarm/bin/../lib/gcc/arm-none-eabi/11.1.0/../../../../arm-none-eabi/lib/thumb\libsysbase.a(getreent.o)
 .ARM.attributes
                0x00000000000009ba       0x2a c:/devkitpro/devkitarm/bin/../lib/gcc/arm-none-eabi/11.1.0/../../../../arm-none-eabi/lib/thumb\libsysbase.a(iosupport.o)
 .ARM.attributes
                0x00000000000009e4       0x1c c:/devkitpro/devkitarm/bin/../lib/gcc/arm-none-eabi/11.1.0/thumb\libgcc.a(_thumb1_case_uqi.o)
 .ARM.attributes
                0x0000000000000a00       0x1c c:/devkitpro/devkitarm/bin/../lib/gcc/arm-none-eabi/11.1.0/thumb\libgcc.a(_thumb1_case_uhi.o)
 .ARM.attributes
                0x0000000000000a1c       0x1c c:/devkitpro/devkitarm/bin/../lib/gcc/arm-none-eabi/11.1.0/thumb\libgcc.a(_divsi3.o)
 .ARM.attributes
                0x0000000000000a38       0x1c c:/devkitpro/devkitarm/bin/../lib/gcc/arm-none-eabi/11.1.0/thumb\libgcc.a(_dvmd_tls.o)
 .ARM.attributes
                0x0000000000000a54       0x1c c:/devkitpro/devkitarm/bin/../lib/gcc/arm-none-eabi/11.1.0/thumb\libgcc.a(_aeabi_uldivmod.o)
 .ARM.attributes
                0x0000000000000a70       0x2a c:/devkitpro/devkitarm/bin/../lib/gcc/arm-none-eabi/11.1.0/thumb\libgcc.a(_udivmoddi4.o)
 .ARM.attributes
                0x0000000000000a9a       0x1c c:/devkitpro/devkitarm/bin/../lib/gcc/arm-none-eabi/11.1.0/thumb\libgcc.a(_clzdi2.o)
 .ARM.attributes
                0x0000000000000ab6       0x1c c:/devkitpro/devkitarm/bin/../lib/gcc/arm-none-eabi/11.1.0/thumb\libgcc.a(_clzsi2.o)
 .ARM.attributes
                0x0000000000000ad2       0x2a c:/devkitpro/devkitarm/bin/../lib/gcc/arm-none-eabi/11.1.0/../../../../arm-none-eabi/lib/thumb\libg.a(lib_a-malloc.o)
 .ARM.attributes
                0x0000000000000afc       0x30 c:/devkitpro/devkitarm/bin/../lib/gcc/arm-none-eabi/11.1.0/thumb/crtend.o
 .ARM.attributes
                0x0000000000000b2c       0x1c c:/devkitpro/devkitarm/bin/../lib/gcc/arm-none-eabi/11.1.0/thumb/crtn.o

.debug
 *(.debug)

.line
 *(.line)

.debug_srcinfo
 *(.debug_srcinfo)

.debug_sfnames
 *(.debug_sfnames)

.debug_aranges  0x0000000000000000      0x3d0
 *(.debug_aranges)
 .debug_aranges
                0x0000000000000000       0x20 main.o
 .debug_aranges
                0x0000000000000020       0x20 C:/devkitPro/libnds/lib\libnds9.a(initSystem.o)
 .debug_aranges
                0x0000000000000040       0x20 C:/devkitPro/libnds/lib\libnds9.a(timeSupport.o)
 .debug_aranges
                0x0000000000000060       0x18 C:/devkitPro/libnds/lib\libnds9.a(securearea.o)
 .debug_aranges
                0x0000000000000078       0x50 C:/devkitPro/libnds/lib\libnds9.a(interrupts.o)
 .debug_aranges
                0x00000000000000c8       0x28 C:/devkitPro/libnds/lib\libnds9.a(libnds_exit.arm.o)
 .debug_aranges
                0x00000000000000f0       0xb0 C:/devkitPro/libnds/lib\libnds9.a(fifosystem.o)
 .debug_aranges
                0x00000000000001a0       0x30 C:/devkitPro/libnds/lib\libnds9.a(mpu_setup.o)
 .debug_aranges
                0x00000000000001d0       0x28 C:/devkitPro/libnds/lib\libnds9.a(IntrWait.o)
 .debug_aranges
                0x00000000000001f8       0x20 C:/devkitPro/libnds/lib\libnds9.a(cpu_clock.o)
 .debug_aranges
                0x0000000000000218       0x20 C:/devkitPro/libnds/lib\libnds9.a(interruptDispatcher.o)
 .debug_aranges
                0x0000000000000238       0x20 C:/devkitPro/libnds/lib\libnds9.a(swiSoftReset.o)
 .debug_aranges
                0x0000000000000258       0x48 C:/devkitPro/libnds/lib\libnds9.a(video.o)
 .debug_aranges
                0x00000000000002a0       0x68 C:/devkitPro/libnds/lib\libnds9.a(system.o)
 .debug_aranges
                0x0000000000000308       0xc8 C:/devkitPro/libnds/lib\libnds9.a(biosCalls.o)

.debug_pubnames
 *(.debug_pubnames)

.debug_info     0x0000000000000000     0x53b0
 *(.debug_info)
 .debug_info    0x0000000000000000       0x89 main.o
 .debug_info    0x0000000000000089     0x12a5 C:/devkitPro/libnds/lib\libnds9.a(initSystem.o)
 .debug_info    0x000000000000132e      0xa64 C:/devkitPro/libnds/lib\libnds9.a(timeSupport.o)
 .debug_info    0x0000000000001d92       0x59 C:/devkitPro/libnds/lib\libnds9.a(securearea.o)
 .debug_info    0x0000000000001deb      0x68f C:/devkitPro/libnds/lib\libnds9.a(interrupts.o)
 .debug_info    0x000000000000247a      0x378 C:/devkitPro/libnds/lib\libnds9.a(libnds_exit.arm.o)
 .debug_info    0x00000000000027f2     0x189c C:/devkitPro/libnds/lib\libnds9.a(fifosystem.o)
 .debug_info    0x000000000000408e       0x22 C:/devkitPro/libnds/lib\libnds9.a(mpu_setup.o)
 .debug_info    0x00000000000040b0       0x22 C:/devkitPro/libnds/lib\libnds9.a(IntrWait.o)
 .debug_info    0x00000000000040d2       0x26 C:/devkitPro/libnds/lib\libnds9.a(cpu_clock.o)
 .debug_info    0x00000000000040f8       0x26 C:/devkitPro/libnds/lib\libnds9.a(interruptDispatcher.o)
 .debug_info    0x000000000000411e       0x26 C:/devkitPro/libnds/lib\libnds9.a(swiSoftReset.o)
 .debug_info    0x0000000000004144      0x7c5 C:/devkitPro/libnds/lib\libnds9.a(video.o)
 .debug_info    0x0000000000004909      0xa85 C:/devkitPro/libnds/lib\libnds9.a(system.o)
 .debug_info    0x000000000000538e       0x22 C:/devkitPro/libnds/lib\libnds9.a(biosCalls.o)

.debug_abbrev   0x0000000000000000     0x14a3
 *(.debug_abbrev)
 .debug_abbrev  0x0000000000000000       0x70 main.o
 .debug_abbrev  0x0000000000000070      0x33f C:/devkitPro/libnds/lib\libnds9.a(initSystem.o)
 .debug_abbrev  0x00000000000003af      0x1e5 C:/devkitPro/libnds/lib\libnds9.a(timeSupport.o)
 .debug_abbrev  0x0000000000000594       0x47 C:/devkitPro/libnds/lib\libnds9.a(securearea.o)
 .debug_abbrev  0x00000000000005db      0x2dd C:/devkitPro/libnds/lib\libnds9.a(interrupts.o)
 .debug_abbrev  0x00000000000008b8      0x1a8 C:/devkitPro/libnds/lib\libnds9.a(libnds_exit.arm.o)
 .debug_abbrev  0x0000000000000a60      0x491 C:/devkitPro/libnds/lib\libnds9.a(fifosystem.o)
 .debug_abbrev  0x0000000000000ef1       0x12 C:/devkitPro/libnds/lib\libnds9.a(mpu_setup.o)
 .debug_abbrev  0x0000000000000f03       0x12 C:/devkitPro/libnds/lib\libnds9.a(IntrWait.o)
 .debug_abbrev  0x0000000000000f15       0x14 C:/devkitPro/libnds/lib\libnds9.a(cpu_clock.o)
 .debug_abbrev  0x0000000000000f29       0x14 C:/devkitPro/libnds/lib\libnds9.a(interruptDispatcher.o)
 .debug_abbrev  0x0000000000000f3d       0x14 C:/devkitPro/libnds/lib\libnds9.a(swiSoftReset.o)
 .debug_abbrev  0x0000000000000f51      0x241 C:/devkitPro/libnds/lib\libnds9.a(video.o)
 .debug_abbrev  0x0000000000001192      0x2ff C:/devkitPro/libnds/lib\libnds9.a(system.o)
 .debug_abbrev  0x0000000000001491       0x12 C:/devkitPro/libnds/lib\libnds9.a(biosCalls.o)

.debug_line     0x0000000000000000     0x3458
 *(.debug_line)
 .debug_line    0x0000000000000000       0x7a main.o
 .debug_line    0x000000000000007a      0x58b C:/devkitPro/libnds/lib\libnds9.a(initSystem.o)
 .debug_line    0x0000000000000605      0x1f0 C:/devkitPro/libnds/lib\libnds9.a(timeSupport.o)
 .debug_line    0x00000000000007f5       0x8f C:/devkitPro/libnds/lib\libnds9.a(securearea.o)
 .debug_line    0x0000000000000884      0x569 C:/devkitPro/libnds/lib\libnds9.a(interrupts.o)
 .debug_line    0x0000000000000ded      0x252 C:/devkitPro/libnds/lib\libnds9.a(libnds_exit.arm.o)
 .debug_line    0x000000000000103f     0x142b C:/devkitPro/libnds/lib\libnds9.a(fifosystem.o)
 .debug_line    0x000000000000246a      0x13c C:/devkitPro/libnds/lib\libnds9.a(mpu_setup.o)
 .debug_line    0x00000000000025a6       0xc7 C:/devkitPro/libnds/lib\libnds9.a(IntrWait.o)
 .debug_line    0x000000000000266d       0xb0 C:/devkitPro/libnds/lib\libnds9.a(cpu_clock.o)
 .debug_line    0x000000000000271d       0xd9 C:/devkitPro/libnds/lib\libnds9.a(interruptDispatcher.o)
 .debug_line    0x00000000000027f6       0xa9 C:/devkitPro/libnds/lib\libnds9.a(swiSoftReset.o)
 .debug_line    0x000000000000289f      0x4d9 C:/devkitPro/libnds/lib\libnds9.a(video.o)
 .debug_line    0x0000000000002d78      0x4e1 C:/devkitPro/libnds/lib\libnds9.a(system.o)
 .debug_line    0x0000000000003259      0x1ff C:/devkitPro/libnds/lib\libnds9.a(biosCalls.o)

.debug_frame    0x0000000000000000      0x598
 *(.debug_frame)
 .debug_frame   0x0000000000000000       0x28 main.o
 .debug_frame   0x0000000000000028       0x28 C:/devkitPro/libnds/lib\libnds9.a(initSystem.o)
 .debug_frame   0x0000000000000050       0x28 C:/devkitPro/libnds/lib\libnds9.a(timeSupport.o)
 .debug_frame   0x0000000000000078       0xa4 C:/devkitPro/libnds/lib\libnds9.a(interrupts.o)
 .debug_frame   0x000000000000011c       0x38 C:/devkitPro/libnds/lib\libnds9.a(libnds_exit.arm.o)
 .debug_frame   0x0000000000000154      0x290 C:/devkitPro/libnds/lib\libnds9.a(fifosystem.o)
 .debug_frame   0x00000000000003e4       0xbc C:/devkitPro/libnds/lib\libnds9.a(video.o)
 .debug_frame   0x00000000000004a0       0xf8 C:/devkitPro/libnds/lib\libnds9.a(system.o)

.debug_str      0x0000000000000000     0x260e
 *(.debug_str)
 .debug_str     0x0000000000000000       0xcc main.o
 .debug_str     0x00000000000000cc      0xb7e C:/devkitPro/libnds/lib\libnds9.a(initSystem.o)
                                        0xc4b (size before relaxing)
 .debug_str     0x0000000000000c4a       0x7e C:/devkitPro/libnds/lib\libnds9.a(timeSupport.o)
                                        0x689 (size before relaxing)
 .debug_str     0x0000000000000cc8       0x7f C:/devkitPro/libnds/lib\libnds9.a(securearea.o)
                                        0x16e (size before relaxing)
 .debug_str     0x0000000000000d47      0x19b C:/devkitPro/libnds/lib\libnds9.a(interrupts.o)
                                        0x48d (size before relaxing)
 .debug_str     0x0000000000000ee2      0x1db C:/devkitPro/libnds/lib\libnds9.a(libnds_exit.arm.o)
                                        0x3e5 (size before relaxing)
 .debug_str     0x00000000000010bd      0x4b5 C:/devkitPro/libnds/lib\libnds9.a(fifosystem.o)
                                        0x894 (size before relaxing)
 .debug_str     0x0000000000001572       0x7a C:/devkitPro/libnds/lib\libnds9.a(mpu_setup.o)
                                         0xce (size before relaxing)
 .debug_str     0x00000000000015ec       0x6d C:/devkitPro/libnds/lib\libnds9.a(IntrWait.o)
                                         0xcd (size before relaxing)
 .debug_str     0x0000000000001659       0x6e C:/devkitPro/libnds/lib\libnds9.a(cpu_clock.o)
                                         0xce (size before relaxing)
 .debug_str     0x00000000000016c7       0x73 C:/devkitPro/libnds/lib\libnds9.a(interruptDispatcher.o)
                                         0xd3 (size before relaxing)
 .debug_str     0x000000000000173a       0x6c C:/devkitPro/libnds/lib\libnds9.a(swiSoftReset.o)
                                         0xcc (size before relaxing)
 .debug_str     0x00000000000017a6      0xa64 C:/devkitPro/libnds/lib\libnds9.a(video.o)
                                        0xc53 (size before relaxing)
 .debug_str     0x000000000000220a      0x39b C:/devkitPro/libnds/lib\libnds9.a(system.o)
                                        0x791 (size before relaxing)
 .debug_str     0x00000000000025a5       0x69 C:/devkitPro/libnds/lib\libnds9.a(biosCalls.o)
                                         0xc9 (size before relaxing)

.debug_loc      0x0000000000000000     0x1f5a
 *(.debug_loc)
 .debug_loc     0x0000000000000000       0xf0 C:/devkitPro/libnds/lib\libnds9.a(initSystem.o)
 .debug_loc     0x00000000000000f0       0x25 C:/devkitPro/libnds/lib\libnds9.a(timeSupport.o)
 .debug_loc     0x0000000000000115      0x26c C:/devkitPro/libnds/lib\libnds9.a(interrupts.o)
 .debug_loc     0x0000000000000381       0x64 C:/devkitPro/libnds/lib\libnds9.a(libnds_exit.arm.o)
 .debug_loc     0x00000000000003e5     0x168e C:/devkitPro/libnds/lib\libnds9.a(fifosystem.o)
 .debug_loc     0x0000000000001a73      0x2e5 C:/devkitPro/libnds/lib\libnds9.a(video.o)
 .debug_loc     0x0000000000001d58      0x202 C:/devkitPro/libnds/lib\libnds9.a(system.o)

.debug_macinfo
 *(.debug_macinfo)

.debug_weaknames
 *(.debug_weaknames)

.debug_funcnames
 *(.debug_funcnames)

.debug_typenames
 *(.debug_typenames)

.debug_varnames
 *(.debug_varnames)

.stack          0x0000000000080000        0x0
                0x0000000000080000                _stack = .
 *(.stack)
LOAD c:/devkitpro/devkitarm/bin/../lib/gcc/arm-none-eabi/11.1.0/../../../../arm-none-eabi/lib/thumb/ds_arm9_crt0.o
LOAD c:/devkitpro/devkitarm/bin/../lib/gcc/arm-none-eabi/11.1.0/thumb/crti.o
LOAD c:/devkitpro/devkitarm/bin/../lib/gcc/arm-none-eabi/11.1.0/thumb/crtbegin.o
LOAD main.o
LOAD C:/devkitPro/libnds/lib\libnds9.a
START GROUP
LOAD c:/devkitpro/devkitarm/bin/../lib/gcc/arm-none-eabi/11.1.0/thumb\libgcc.a
LOAD c:/devkitpro/devkitarm/bin/../lib/gcc/arm-none-eabi/11.1.0/../../../../arm-none-eabi/lib/thumb\libg.a
LOAD c:/devkitpro/devkitarm/bin/../lib/gcc/arm-none-eabi/11.1.0/../../../../arm-none-eabi/lib/thumb\libc.a
LOAD c:/devkitpro/devkitarm/bin/../lib/gcc/arm-none-eabi/11.1.0/../../../../arm-none-eabi/lib/thumb\libsysbase.a
END GROUP
LOAD c:/devkitpro/devkitarm/bin/../lib/gcc/arm-none-eabi/11.1.0/thumb/crtend.o
LOAD c:/devkitpro/devkitarm/bin/../lib/gcc/arm-none-eabi/11.1.0/thumb/crtn.o
OUTPUT(C:/Users/Admin/Projects/bonk/bonk.elf elf32-littlearm)
LOAD linker stubs

.debug_rnglists
                0x0000000000000000       0x13
 .debug_rnglists
                0x0000000000000000       0x13 main.o

.debug_ranges   0x0000000000000000      0x7b0
 .debug_ranges  0x0000000000000000       0x10 C:/devkitPro/libnds/lib\libnds9.a(initSystem.o)
 .debug_ranges  0x0000000000000010       0x10 C:/devkitPro/libnds/lib\libnds9.a(timeSupport.o)
 .debug_ranges  0x0000000000000020      0x100 C:/devkitPro/libnds/lib\libnds9.a(interrupts.o)
 .debug_ranges  0x0000000000000120       0x18 C:/devkitPro/libnds/lib\libnds9.a(libnds_exit.arm.o)
 .debug_ranges  0x0000000000000138      0x4c8 C:/devkitPro/libnds/lib\libnds9.a(fifosystem.o)
 .debug_ranges  0x0000000000000600       0x28 C:/devkitPro/libnds/lib\libnds9.a(mpu_setup.o)
 .debug_ranges  0x0000000000000628       0x20 C:/devkitPro/libnds/lib\libnds9.a(IntrWait.o)
 .debug_ranges  0x0000000000000648       0x50 C:/devkitPro/libnds/lib\libnds9.a(video.o)
 .debug_ranges  0x0000000000000698       0x58 C:/devkitPro/libnds/lib\libnds9.a(system.o)
 .debug_ranges  0x00000000000006f0       0xc0 C:/devkitPro/libnds/lib\libnds9.a(biosCalls.o)
